Archeologische perioden abr+@skosConceptURI=http://www.rnaproject.org/data/c028640a-0359-45e9-a1fb-19d23e939ece
Prehistorie@skosConceptURI=http://www.rnaproject.org/data/47c80b8b-134b-410c-bd8d-8ab39cdef443@broaderConcept=Archeologische perioden abr+@broaderConceptURI=http://www.rnaproject.org/data/c028640a-0359-45e9-a1fb-19d23e939ece
Steentijd@skosConceptURI=http://www.rnaproject.org/data/23fff619-6c77-4b57-a7f6-a475baeb66f9@broaderConcept=Prehistorie@broaderConceptURI=http://www.rnaproject.org/data/47c80b8b-134b-410c-bd8d-8ab39cdef443
Paleolithicum@skosConceptURI=http://www.rnaproject.org/data/720f4554-990f-40e5-9187-2d1c12e1c4a0@broaderConcept=Steentijd@broaderConceptURI=http://www.rnaproject.org/data/23fff619-6c77-4b57-a7f6-a475baeb66f9
Vroeg Paleolithicum@skosConceptURI=http://www.rnaproject.org/data/d5d5251d-5a2c-4ed3-9b80-bd007c3a0483@broaderConcept=Paleolithicum@broaderConceptURI=http://www.rnaproject.org/data/720f4554-990f-40e5-9187-2d1c12e1c4a0
Midden Paleolithicum@skosConceptURI=http://www.rnaproject.org/data/25e9f615-3f68-4b7b-b4d4-0adb855b692f@broaderConcept=Paleolithicum@broaderConceptURI=http://www.rnaproject.org/data/720f4554-990f-40e5-9187-2d1c12e1c4a0
Laat Paleolithicum@skosConceptURI=http://www.rnaproject.org/data/7859c08e-ad35-4796-8685-c89597c99897@broaderConcept=Paleolithicum@broaderConceptURI=http://www.rnaproject.org/data/720f4554-990f-40e5-9187-2d1c12e1c4a0
Laat Paleolithicum A@skosConceptURI=http://www.rnaproject.org/data/92943650-c44b-4377-993b-fd4a68d88d93@broaderConcept=Laat Paleolithicum@broaderConceptURI=http://www.rnaproject.org/data/7859c08e-ad35-4796-8685-c89597c99897
Laat Paleolithicum B@skosConceptURI=http://www.rnaproject.org/data/c057963c-1e6b-45e7-84c3-8e0667ba32ba@broaderConcept=Laat Paleolithicum@broaderConceptURI=http://www.rnaproject.org/data/7859c08e-ad35-4796-8685-c89597c99897
Mesolithicum@skosConceptURI=http://www.rnaproject.org/data/6120c63f-1357-4854-9ad2-6a889051729d@broaderConcept=Steentijd@broaderConceptURI=http://www.rnaproject.org/data/23fff619-6c77-4b57-a7f6-a475baeb66f9
Vroeg Mesolithicum@skosConceptURI=http://www.rnaproject.org/data/06676832-e8b9-4541-9c28-ddb96d1984e1@broaderConcept=Mesolithicum@broaderConceptURI=http://www.rnaproject.org/data/6120c63f-1357-4854-9ad2-6a889051729d
Midden Mesolithicum@skosConceptURI=http://www.rnaproject.org/data/77888990-8dba-4234-80f3-bab95414869c@broaderConcept=Mesolithicum@broaderConceptURI=http://www.rnaproject.org/data/6120c63f-1357-4854-9ad2-6a889051729d
Laat Mesolithicum@skosConceptURI=http://www.rnaproject.org/data/13dd933d-bab8-47bd-9ed3-2ffe69fb6fb0@broaderConcept=Mesolithicum@broaderConceptURI=http://www.rnaproject.org/data/6120c63f-1357-4854-9ad2-6a889051729d
Neolithicum@skosConceptURI=http://www.rnaproject.org/data/2e04e5a6-b7f1-4e29-a519-48f62856096c@broaderConcept=Steentijd@broaderConceptURI=http://www.rnaproject.org/data/23fff619-6c77-4b57-a7f6-a475baeb66f9
Vroeg Neolithicum@skosConceptURI=http://www.rnaproject.org/data/eeb1d971-882f-48af-92d3-44239c7e0837@broaderConcept=Neolithicum@broaderConceptURI=http://www.rnaproject.org/data/2e04e5a6-b7f1-4e29-a519-48f62856096c
Vroeg Neolithicum A@skosConceptURI=http://www.rnaproject.org/data/d4492ee4-3e1d-4938-bbe3-8cdde9e4e3f9@broaderConcept=Vroeg Neolithicum@broaderConceptURI=http://www.rnaproject.org/data/eeb1d971-882f-48af-92d3-44239c7e0837
Vroeg Neolithicum B@skosConceptURI=http://www.rnaproject.org/data/cb1ce5b1-53f2-4ae8-a999-0f64c26803ff@broaderConcept=Vroeg Neolithicum@broaderConceptURI=http://www.rnaproject.org/data/eeb1d971-882f-48af-92d3-44239c7e0837
Midden Neolithicum@skosConceptURI=http://www.rnaproject.org/data/ee1f4214-7ce1-406e-8d76-d1eee327d32f@broaderConcept=Neolithicum@broaderConceptURI=http://www.rnaproject.org/data/2e04e5a6-b7f1-4e29-a519-48f62856096c
Midden Neolithicum A@skosConceptURI=http://www.rnaproject.org/data/112ce82f-dd56-4ea8-8b7d-6829b78654ce@broaderConcept=Midden Neolithicum@broaderConceptURI=http://www.rnaproject.org/data/ee1f4214-7ce1-406e-8d76-d1eee327d32f
Midden Neolithicum B@skosConceptURI=http://www.rnaproject.org/data/8e9e6a8c-c3fd-4460-93c9-e4da7f8e0065@broaderConcept=Midden Neolithicum@broaderConceptURI=http://www.rnaproject.org/data/ee1f4214-7ce1-406e-8d76-d1eee327d32f
Laat Neolithicum@skosConceptURI=http://www.rnaproject.org/data/d2ec75f1-1e9a-45f9-a30b-21207084a618@broaderConcept=Neolithicum@broaderConceptURI=http://www.rnaproject.org/data/2e04e5a6-b7f1-4e29-a519-48f62856096c
Laat Neolithicum A@skosConceptURI=http://www.rnaproject.org/data/6d4e0c4d-fd1c-4e68-a408-fe3486829085@broaderConcept=Laat Neolithicum@broaderConceptURI=http://www.rnaproject.org/data/d2ec75f1-1e9a-45f9-a30b-21207084a618
Laat Neolithicum B@skosConceptURI=http://www.rnaproject.org/data/8098b67c-f7d4-4e2c-9d46-45834aa848dd@broaderConcept=Laat Neolithicum@broaderConceptURI=http://www.rnaproject.org/data/d2ec75f1-1e9a-45f9-a30b-21207084a618
Bronstijd@skosConceptURI=http://www.rnaproject.org/data/4b9b7cd4-0aa8-4f60-915d-850025846196@broaderConcept=Prehistorie@broaderConceptURI=http://www.rnaproject.org/data/47c80b8b-134b-410c-bd8d-8ab39cdef443
Vroege Bronstijd@skosConceptURI=http://www.rnaproject.org/data/2d2e7e55-350d-4f51-991b-d89bfd2b4e82@broaderConcept=Bronstijd@broaderConceptURI=http://www.rnaproject.org/data/4b9b7cd4-0aa8-4f60-915d-850025846196
Midden Bronstijd@skosConceptURI=http://www.rnaproject.org/data/33c1af28-7d8d-42cb-a918-73f6da47c368@broaderConcept=Bronstijd@broaderConceptURI=http://www.rnaproject.org/data/4b9b7cd4-0aa8-4f60-915d-850025846196
Midden Bronstijd A@skosConceptURI=http://www.rnaproject.org/data/5986b9fa-5b5f-4c91-97f8-6f8b0d33cb16@broaderConcept=Midden Bronstijd@broaderConceptURI=http://www.rnaproject.org/data/33c1af28-7d8d-42cb-a918-73f6da47c368
Midden Bronstijd B@skosConceptURI=http://www.rnaproject.org/data/a74b1c4a-c91f-4e71-86d6-8ec01cb9e2ef@broaderConcept=Midden Bronstijd@broaderConceptURI=http://www.rnaproject.org/data/33c1af28-7d8d-42cb-a918-73f6da47c368
Late Bronstijd@skosConceptURI=http://www.rnaproject.org/data/07fe2c16-41ca-48b2-a8b7-6d146b07feae@broaderConcept=Bronstijd@broaderConceptURI=http://www.rnaproject.org/data/4b9b7cd4-0aa8-4f60-915d-850025846196
IJzertijd@skosConceptURI=http://www.rnaproject.org/data/1ffb742d-4e77-441b-866c-726910291372@broaderConcept=Prehistorie@broaderConceptURI=http://www.rnaproject.org/data/47c80b8b-134b-410c-bd8d-8ab39cdef443
Vroege IJzertijd@skosConceptURI=http://www.rnaproject.org/data/5605b2d2-0813-4433-9c86-23b776501461@broaderConcept=IJzertijd@broaderConceptURI=http://www.rnaproject.org/data/1ffb742d-4e77-441b-866c-726910291372
Midden IJzertijd@skosConceptURI=http://www.rnaproject.org/data/d1e63c4f-e212-41c3-beb0-6d5cae3c50d8@broaderConcept=IJzertijd@broaderConceptURI=http://www.rnaproject.org/data/1ffb742d-4e77-441b-866c-726910291372
Late IJzertijd@skosConceptURI=http://www.rnaproject.org/data/d9fbf18d-73e8-435a-8e7a-5492d5ad9144@broaderConcept=IJzertijd@broaderConceptURI=http://www.rnaproject.org/data/1ffb742d-4e77-441b-866c-726910291372
Protohistorie@skosConceptURI=http://www.rnaproject.org/data/02c80fc3-c95b-428d-acbb-ed637abbaea1@broaderConcept=Archeologische perioden abr+@broaderConceptURI=http://www.rnaproject.org/data/c028640a-0359-45e9-a1fb-19d23e939ece
Romeinse Tijd@skosConceptURI=http://www.rnaproject.org/data/3210b1c9-a0b2-4d42-bbe4-626ba94bde53@broaderConcept=Protohistorie@broaderConceptURI=http://www.rnaproject.org/data/02c80fc3-c95b-428d-acbb-ed637abbaea1
Vroeg Romeinse Tijd@skosConceptURI=http://www.rnaproject.org/data/a3a9ac92-581a-4885-963d-469722553d7c@broaderConcept=Romeinse Tijd@broaderConceptURI=http://www.rnaproject.org/data/3210b1c9-a0b2-4d42-bbe4-626ba94bde53
Vroeg Romeinse Tijd A@skosConceptURI=http://www.rnaproject.org/data/249105b6-25d0-4582-82b7-35a3a193c402@broaderConcept=Vroeg Romeinse Tijd@broaderConceptURI=http://www.rnaproject.org/data/a3a9ac92-581a-4885-963d-469722553d7c
Vroeg Romeinse Tijd B@skosConceptURI=http://www.rnaproject.org/data/299c76eb-31ce-4b6b-8bac-484786e24cfe@broaderConcept=Vroeg Romeinse Tijd@broaderConceptURI=http://www.rnaproject.org/data/a3a9ac92-581a-4885-963d-469722553d7c
Midden Romeinse Tijd@skosConceptURI=http://www.rnaproject.org/data/81dc5484-85c4-4735-9441-626b04873788@broaderConcept=Romeinse Tijd@broaderConceptURI=http://www.rnaproject.org/data/3210b1c9-a0b2-4d42-bbe4-626ba94bde53
Midden Romeinse Tijd A@skosConceptURI=http://www.rnaproject.org/data/402fdae8-46cb-4a1c-bc37-ddb60b2cfcd4@broaderConcept=Midden Romeinse Tijd@broaderConceptURI=http://www.rnaproject.org/data/81dc5484-85c4-4735-9441-626b04873788
Midden Romeinse Tijd B@skosConceptURI=http://www.rnaproject.org/data/da30f8fe-aaff-4469-9207-9000262a7d7b@broaderConcept=Midden Romeinse Tijd@broaderConceptURI=http://www.rnaproject.org/data/81dc5484-85c4-4735-9441-626b04873788
Laat Romeinse Tijd@skosConceptURI=http://www.rnaproject.org/data/fe2658f2-d3f9-4a1a-a026-5072dd02f7e6@broaderConcept=Romeinse Tijd@broaderConceptURI=http://www.rnaproject.org/data/3210b1c9-a0b2-4d42-bbe4-626ba94bde53
Laat Romeinse Tijd A@skosConceptURI=http://www.rnaproject.org/data/3765363e-9b90-4a12-a50b-58d6f4b9fa59@broaderConcept=Laat Romeinse Tijd@broaderConceptURI=http://www.rnaproject.org/data/fe2658f2-d3f9-4a1a-a026-5072dd02f7e6
Laat Romeinse Tijd B@skosConceptURI=http://www.rnaproject.org/data/307b06a6-723d-4365-8be7-72572a842994@broaderConcept=Laat Romeinse Tijd@broaderConceptURI=http://www.rnaproject.org/data/fe2658f2-d3f9-4a1a-a026-5072dd02f7e6
Historie@skosConceptURI=http://www.rnaproject.org/data/4eeab64b-be6e-4f5d-bf9a-fc8076e20cd4@broaderConcept=Archeologische perioden abr+@broaderConceptURI=http://www.rnaproject.org/data/c028640a-0359-45e9-a1fb-19d23e939ece
Middeleeuwen@skosConceptURI=http://www.rnaproject.org/data/5cea51de-7e07-43cd-82ca-0ff3d0123ad4@broaderConcept=Historie@broaderConceptURI=http://www.rnaproject.org/data/4eeab64b-be6e-4f5d-bf9a-fc8076e20cd4
Vroege Middeleeuwen@skosConceptURI=http://www.rnaproject.org/data/5b2c7fc8-f518-4b1c-832d-63873896ac93@broaderConcept=Middeleeuwen@broaderConceptURI=http://www.rnaproject.org/data/5cea51de-7e07-43cd-82ca-0ff3d0123ad4
Vroege Middeleeuwen A@skosConceptURI=http://www.rnaproject.org/data/3608f9be-b423-4393-919c-be78cc9e58ce@broaderConcept=Vroege Middeleeuwen@broaderConceptURI=http://www.rnaproject.org/data/5b2c7fc8-f518-4b1c-832d-63873896ac93
Vroege Middeleeuwen B@skosConceptURI=http://www.rnaproject.org/data/9fbc7843-56f4-4575-887d-b0c25c943d7f@broaderConcept=Vroege Middeleeuwen@broaderConceptURI=http://www.rnaproject.org/data/5b2c7fc8-f518-4b1c-832d-63873896ac93
Vroege Middeleeuwen C@skosConceptURI=http://www.rnaproject.org/data/5e351e11-f63b-46ae-bc0a-f5afc93b6941@broaderConcept=Vroege Middeleeuwen@broaderConceptURI=http://www.rnaproject.org/data/5b2c7fc8-f518-4b1c-832d-63873896ac93
Vroege Middeleeuwen D@skosConceptURI=http://www.rnaproject.org/data/80825976-c2b9-404e-8921-27ba4ea8c6c7@broaderConcept=Vroege Middeleeuwen@broaderConceptURI=http://www.rnaproject.org/data/5b2c7fc8-f518-4b1c-832d-63873896ac93
Late Middeleeuwen@skosConceptURI=http://www.rnaproject.org/data/b792e025-738d-40ef-9248-b6611a8f45c2@broaderConcept=Middeleeuwen@broaderConceptURI=http://www.rnaproject.org/data/5cea51de-7e07-43cd-82ca-0ff3d0123ad4
Late Middeleeuwen A@skosConceptURI=http://www.rnaproject.org/data/b14e70d5-cc64-423f-be34-da814b76ce14@broaderConcept=Late Middeleeuwen@broaderConceptURI=http://www.rnaproject.org/data/b792e025-738d-40ef-9248-b6611a8f45c2
Late Middeleeuwen B@skosConceptURI=http://www.rnaproject.org/data/86f00dd6-ad41-4b3b-9f39-6504f7eb4137@broaderConcept=Late Middeleeuwen@broaderConceptURI=http://www.rnaproject.org/data/b792e025-738d-40ef-9248-b6611a8f45c2
Nieuwe Tijd@skosConceptURI=http://www.rnaproject.org/data/2f4395fe-1147-48f8-99e4-ba857aea566a@broaderConcept=Historie@broaderConceptURI=http://www.rnaproject.org/data/4eeab64b-be6e-4f5d-bf9a-fc8076e20cd4
Nieuwe Tijd A@skosConceptURI=http://www.rnaproject.org/data/b44d72c2-4df6-432f-8b59-3abd8a0f7334@broaderConcept=Nieuwe Tijd@broaderConceptURI=http://www.rnaproject.org/data/2f4395fe-1147-48f8-99e4-ba857aea566a
Nieuwe Tijd B@skosConceptURI=http://www.rnaproject.org/data/d925aea0-fe76-489b-94a8-5187f7a06fa5@broaderConcept=Nieuwe Tijd@broaderConceptURI=http://www.rnaproject.org/data/2f4395fe-1147-48f8-99e4-ba857aea566a
Nieuwe Tijd C@skosConceptURI=http://www.rnaproject.org/data/1990e131-b74a-4731-917b-66f7b8dd3b5d@broaderConcept=Nieuwe Tijd@broaderConceptURI=http://www.rnaproject.org/data/2f4395fe-1147-48f8-99e4-ba857aea566a
Recent@skosConceptURI=http://www.rnaproject.org/data/a71a814f-87c5-4ccf-b0a1-7b6a4a9fbc03@broaderConcept=Historie@broaderConceptURI=http://www.rnaproject.org/data/4eeab64b-be6e-4f5d-bf9a-fc8076e20cd4
Onbekend@skosConceptURI=http://www.rnaproject.org/data/a85a17fb-61c0-4049-9ab3-a7a9343936b5@broaderConcept=Archeologische perioden abr+@broaderConceptURI=http://www.rnaproject.org/data/c028640a-0359-45e9-a1fb-19d23e939ece
Overig@skosConceptURI=http://www.rnaproject.org/data/283e611b-2abe-437e-8532-6c20b4d381a1@broaderConcept=Archeologische perioden abr+@broaderConceptURI=http://www.rnaproject.org/data/c028640a-0359-45e9-a1fb-19d23e939ece
Hoge Middeleeuwen@skosConceptURI=http://www.rnaproject.org/data/8096f60b-ead2-497a-8697-72f46e30c2b4@broaderConcept=Overig@broaderConceptURI=http://www.rnaproject.org/data/283e611b-2abe-437e-8532-6c20b4d381a1
Volle Middeleeuwen@skosConceptURI=http://www.rnaproject.org/data/786439e9-300e-4f3f-af38-6ad41df44c46@broaderConcept=Overig@broaderConceptURI=http://www.rnaproject.org/data/283e611b-2abe-437e-8532-6c20b4d381a1
Tweede Wereldoorlog@skosConceptURI=http://www.rnaproject.org/data/31f4aa3f-2d11-4421-a872-51f8c50595d0@broaderConcept=Overig@broaderConceptURI=http://www.rnaproject.org/data/283e611b-2abe-437e-8532-6c20b4d381a1
Metaaltijden@skosConceptURI=http://www.rnaproject.org/data/cf13b6bb-8556-459c-8029-b321736489a2@broaderConcept=Overig@broaderConceptURI=http://www.rnaproject.org/data/283e611b-2abe-437e-8532-6c20b4d381a1
