Materials@skosConceptURI=http://www.rnaproject.org/data/bc3e12d6-ccf3-4f28-b47d-6f9424cb8b17
gemengd@skosConceptURI=http://www.rnaproject.org/data/e0983fd6-d0d9-4590-89a0-857922aee64c@broaderConcept=Materials@broaderConceptURI=http://www.rnaproject.org/data/bc3e12d6-ccf3-4f28-b47d-6f9424cb8b17
glas@skosConceptURI=http://www.rnaproject.org/data/b5fd6cbb-4ec8-4f1a-a612-06bcda91ea75@broaderConcept=Materials@broaderConceptURI=http://www.rnaproject.org/data/bc3e12d6-ccf3-4f28-b47d-6f9424cb8b17
keramiek@skosConceptURI=http://www.rnaproject.org/data/7801ec06-bca5-47af-a7a8-d515fcded659@broaderConcept=Materials@broaderConceptURI=http://www.rnaproject.org/data/bc3e12d6-ccf3-4f28-b47d-6f9424cb8b17
metaal@skosConceptURI=http://www.rnaproject.org/data/4670d435-a7e5-4ef9-9217-220e8ba4f2cb@broaderConcept=Materials@broaderConceptURI=http://www.rnaproject.org/data/bc3e12d6-ccf3-4f28-b47d-6f9424cb8b17
brons@skosConceptURI=http://www.rnaproject.org/data/cc4cdd0b-4029-482c-9cb7-e56f0ed7c12a@broaderConcept=metaal@broaderConceptURI=http://www.rnaproject.org/data/4670d435-a7e5-4ef9-9217-220e8ba4f2cb
gietijzer@skosConceptURI=http://www.rnaproject.org/data/52b6ad8e-2076-4187-92ce-67289b7637a9@broaderConcept=metaal@broaderConceptURI=http://www.rnaproject.org/data/4670d435-a7e5-4ef9-9217-220e8ba4f2cb
ijzer@skosConceptURI=http://www.rnaproject.org/data/084e09bb-99cd-40ed-9ac0-95b8c85cde88@broaderConcept=metaal@broaderConceptURI=http://www.rnaproject.org/data/4670d435-a7e5-4ef9-9217-220e8ba4f2cb
goud@skosConceptURI=http://www.rnaproject.org/data/f4ca514a-aa23-4176-b1f0-b0d65a364187@broaderConcept=metaal@broaderConceptURI=http://www.rnaproject.org/data/4670d435-a7e5-4ef9-9217-220e8ba4f2cb
koper@skosConceptURI=http://www.rnaproject.org/data/0de13003-1563-46f1-8b11-f779f9bc1207@broaderConcept=metaal@broaderConceptURI=http://www.rnaproject.org/data/4670d435-a7e5-4ef9-9217-220e8ba4f2cb
lood@skosConceptURI=http://www.rnaproject.org/data/46161b2f-65a5-430a-b253-ef167c529c7b@broaderConcept=metaal@broaderConceptURI=http://www.rnaproject.org/data/4670d435-a7e5-4ef9-9217-220e8ba4f2cb
messing@skosConceptURI=http://www.rnaproject.org/data/179c6263-f463-4bf9-bfd3-610f87336dd9@broaderConcept=metaal@broaderConceptURI=http://www.rnaproject.org/data/4670d435-a7e5-4ef9-9217-220e8ba4f2cb
staal@skosConceptURI=http://www.rnaproject.org/data/c8375588-5663-40fa-9862-c05a63d09481@broaderConcept=metaal@broaderConceptURI=http://www.rnaproject.org/data/4670d435-a7e5-4ef9-9217-220e8ba4f2cb
tin@skosConceptURI=http://www.rnaproject.org/data/8707b0b2-e283-4888-b7c4-f9deb9bd639e@broaderConcept=metaal@broaderConceptURI=http://www.rnaproject.org/data/4670d435-a7e5-4ef9-9217-220e8ba4f2cb
zilver@skosConceptURI=http://www.rnaproject.org/data/9f0f3c4e-7289-44c2-ba3b-6708c930b54c@broaderConcept=metaal@broaderConceptURI=http://www.rnaproject.org/data/4670d435-a7e5-4ef9-9217-220e8ba4f2cb
monsters@skosConceptURI=http://www.rnaproject.org/data/4435340e-3a36-43c4-8353-bf99deaed069@broaderConcept=Materials@broaderConceptURI=http://www.rnaproject.org/data/bc3e12d6-ccf3-4f28-b47d-6f9424cb8b17
onbekend@skosConceptURI=http://www.rnaproject.org/data/69cffcca-61fd-4cf4-a938-db449e6da4f3@broaderConcept=Materials@broaderConceptURI=http://www.rnaproject.org/data/bc3e12d6-ccf3-4f28-b47d-6f9424cb8b17
organisch@skosConceptURI=http://www.rnaproject.org/data/947edd03-11c8-4ea8-82ce-7008127e2e2d@broaderConcept=Materials@broaderConceptURI=http://www.rnaproject.org/data/bc3e12d6-ccf3-4f28-b47d-6f9424cb8b17
bot@skosConceptURI=http://www.rnaproject.org/data/8d84a404-c6fb-41e6-915f-293453403ca9@broaderConcept=organisch@broaderConceptURI=http://www.rnaproject.org/data/947edd03-11c8-4ea8-82ce-7008127e2e2d
dierlijk@skosConceptURI=http://www.rnaproject.org/data/8dd39060-9a0e-4165-94b8-d8ddb4ab30b2@broaderConcept=organisch@broaderConceptURI=http://www.rnaproject.org/data/947edd03-11c8-4ea8-82ce-7008127e2e2d
bot, dierlijk@skosConceptURI=http://www.rnaproject.org/data/6110a1ed-4a65-4fda-9359-b0ebb4177beb@broaderConcept=dierlijk@broaderConceptURI=http://www.rnaproject.org/data/8dd39060-9a0e-4165-94b8-d8ddb4ab30b2
gewei@skosConceptURI=http://www.rnaproject.org/data/e1ccc723-f2e5-46aa-af03-c08195c2395e@broaderConcept=dierlijk@broaderConceptURI=http://www.rnaproject.org/data/8dd39060-9a0e-4165-94b8-d8ddb4ab30b2
hoorn@skosConceptURI=http://www.rnaproject.org/data/bb31ac69-06a2-41a1-8bbb-34182b221b10@broaderConcept=dierlijk@broaderConceptURI=http://www.rnaproject.org/data/8dd39060-9a0e-4165-94b8-d8ddb4ab30b2
ivoor@skosConceptURI=http://www.rnaproject.org/data/d8823f9b-dab4-4aa2-9e75-1b9631ec21b3@broaderConcept=dierlijk@broaderConceptURI=http://www.rnaproject.org/data/8dd39060-9a0e-4165-94b8-d8ddb4ab30b2
leer@skosConceptURI=http://www.rnaproject.org/data/20ae8630-3a10-4e80-bc92-9b6ef8ba50ad@broaderConcept=dierlijk@broaderConceptURI=http://www.rnaproject.org/data/8dd39060-9a0e-4165-94b8-d8ddb4ab30b2
schelp@skosConceptURI=http://www.rnaproject.org/data/c152ac7a-b7c9-4f8c-9a58-9f0993c84571@broaderConcept=dierlijk@broaderConceptURI=http://www.rnaproject.org/data/8dd39060-9a0e-4165-94b8-d8ddb4ab30b2
menselijk@skosConceptURI=http://www.rnaproject.org/data/d553d2f5-4d8a-4277-8c75-127cc9b2f0bf@broaderConcept=organisch@broaderConceptURI=http://www.rnaproject.org/data/947edd03-11c8-4ea8-82ce-7008127e2e2d
bot, menselijk@skosConceptURI=http://www.rnaproject.org/data/8c8a5eaa-86d0-41fc-bb56-7fdb57394893@broaderConcept=menselijk@broaderConceptURI=http://www.rnaproject.org/data/d553d2f5-4d8a-4277-8c75-127cc9b2f0bf
plantaardig@skosConceptURI=http://www.rnaproject.org/data/d78c6ca3-251d-4317-9fea-021d7349c7de@broaderConcept=organisch@broaderConceptURI=http://www.rnaproject.org/data/947edd03-11c8-4ea8-82ce-7008127e2e2d
hout@skosConceptURI=http://www.rnaproject.org/data/47e67e09-19df-4a31-9730-b622253203cf@broaderConcept=plantaardig@broaderConceptURI=http://www.rnaproject.org/data/d78c6ca3-251d-4317-9fea-021d7349c7de
houtskool@skosConceptURI=http://www.rnaproject.org/data/c86f795a-12ac-4e5c-8dbe-46409327a7a2@broaderConcept=plantaardig@broaderConceptURI=http://www.rnaproject.org/data/d78c6ca3-251d-4317-9fea-021d7349c7de
macroresten/zaden@skosConceptURI=http://www.rnaproject.org/data/1352d20f-336e-4d6b-a16d-d16e95c86cb1@broaderConcept=plantaardig@broaderConceptURI=http://www.rnaproject.org/data/d78c6ca3-251d-4317-9fea-021d7349c7de
textiel@skosConceptURI=http://www.rnaproject.org/data/8f8aef5a-7681-40f6-b707-ede71326f127@broaderConcept=organisch@broaderConceptURI=http://www.rnaproject.org/data/947edd03-11c8-4ea8-82ce-7008127e2e2d
steen@skosConceptURI=http://www.rnaproject.org/data/06703a2b-30d3-422e-8cb4-15a933fba4b2@broaderConcept=Materials@broaderConceptURI=http://www.rnaproject.org/data/bc3e12d6-ccf3-4f28-b47d-6f9424cb8b17
natuursteen@skosConceptURI=http://www.rnaproject.org/data/a44f5f8b-d66c-405c-b927-f8fee82ca66d@broaderConcept=steen@broaderConceptURI=http://www.rnaproject.org/data/06703a2b-30d3-422e-8cb4-15a933fba4b2
metamorfe natuursteen@skosConceptURI=http://www.rnaproject.org/data/4e728b1c-fae7-4ba9-b893-6dcefeaddc0c@broaderConcept=natuursteen@broaderConceptURI=http://www.rnaproject.org/data/a44f5f8b-d66c-405c-b927-f8fee82ca66d
kwartsiet@skosConceptURI=http://www.rnaproject.org/data/eedc4fa0-6d91-4b3b-af44-8c4956e89ae7@broaderConcept=metamorfe natuursteen@broaderConceptURI=http://www.rnaproject.org/data/4e728b1c-fae7-4ba9-b893-6dcefeaddc0c
alta kwartsiet@skosConceptURI=http://www.rnaproject.org/data/44a9a2e1-1acd-42e8-9701-141eabc1d814@broaderConcept=kwartsiet@broaderConceptURI=http://www.rnaproject.org/data/eedc4fa0-6d91-4b3b-af44-8c4956e89ae7
marmer@skosConceptURI=http://www.rnaproject.org/data/9ddf0311-08a5-45ee-92ed-0d996b3a3c1b@broaderConcept=metamorfe natuursteen@broaderConceptURI=http://www.rnaproject.org/data/4e728b1c-fae7-4ba9-b893-6dcefeaddc0c
arabescato@skosConceptURI=http://www.rnaproject.org/data/f4912ed5-2cf6-47a0-ab47-74f8d1a7e432@broaderConcept=marmer@broaderConceptURI=http://www.rnaproject.org/data/9ddf0311-08a5-45ee-92ed-0d996b3a3c1b
bardiglio@skosConceptURI=http://www.rnaproject.org/data/6238ebcd-a789-4376-922d-69d24d34544f@broaderConcept=marmer@broaderConceptURI=http://www.rnaproject.org/data/9ddf0311-08a5-45ee-92ed-0d996b3a3c1b
bianco Carrara@skosConceptURI=http://www.rnaproject.org/data/4ae73cf6-a4e2-43fd-85b4-884cd03afe2f@broaderConcept=marmer@broaderConceptURI=http://www.rnaproject.org/data/9ddf0311-08a5-45ee-92ed-0d996b3a3c1b
cipollino@skosConceptURI=http://www.rnaproject.org/data/ce6bd88d-a10f-4288-b2b6-26e9a1b09b1c@broaderConcept=marmer@broaderConceptURI=http://www.rnaproject.org/data/9ddf0311-08a5-45ee-92ed-0d996b3a3c1b
giallo di Siena@skosConceptURI=http://www.rnaproject.org/data/800dee54-8ee8-4803-9d40-e79b964082e5@broaderConcept=marmer@broaderConceptURI=http://www.rnaproject.org/data/9ddf0311-08a5-45ee-92ed-0d996b3a3c1b
portoro@skosConceptURI=http://www.rnaproject.org/data/b14864c8-b86f-4ffd-810e-2fe504423754@broaderConcept=marmer@broaderConceptURI=http://www.rnaproject.org/data/9ddf0311-08a5-45ee-92ed-0d996b3a3c1b
rosa portogallo@skosConceptURI=http://www.rnaproject.org/data/40dd9b2c-7ad7-4f73-b39c-b12b50de683a@broaderConcept=marmer@broaderConceptURI=http://www.rnaproject.org/data/9ddf0311-08a5-45ee-92ed-0d996b3a3c1b
rosso antico@skosConceptURI=http://www.rnaproject.org/data/14733800-f23f-4199-b15a-0db8f4e62e1c@broaderConcept=marmer@broaderConceptURI=http://www.rnaproject.org/data/9ddf0311-08a5-45ee-92ed-0d996b3a3c1b
rosso Verona@skosConceptURI=http://www.rnaproject.org/data/27eccf59-f55a-487a-8b52-a143cabbe39e@broaderConcept=marmer@broaderConceptURI=http://www.rnaproject.org/data/9ddf0311-08a5-45ee-92ed-0d996b3a3c1b
ophicalciet@skosConceptURI=http://www.rnaproject.org/data/e5f217cc-92d8-4f8f-a835-f4f081132529@broaderConcept=metamorfe natuursteen@broaderConceptURI=http://www.rnaproject.org/data/4e728b1c-fae7-4ba9-b893-6dcefeaddc0c
verde aver@skosConceptURI=http://www.rnaproject.org/data/6d622d6b-e444-4049-9c1a-1d56147e004d@broaderConcept=ophicalciet@broaderConceptURI=http://www.rnaproject.org/data/e5f217cc-92d8-4f8f-a835-f4f081132529
verde Issorie@skosConceptURI=http://www.rnaproject.org/data/d02ea03f-0866-4b1e-829c-793d24fc598e@broaderConcept=ophicalciet@broaderConceptURI=http://www.rnaproject.org/data/e5f217cc-92d8-4f8f-a835-f4f081132529
verde Patricia@skosConceptURI=http://www.rnaproject.org/data/f07a5eb8-6c9a-47d2-b023-37f759e148af@broaderConcept=ophicalciet@broaderConceptURI=http://www.rnaproject.org/data/e5f217cc-92d8-4f8f-a835-f4f081132529
verde Tinos@skosConceptURI=http://www.rnaproject.org/data/1704339c-ceea-493c-b425-31bcf13504b1@broaderConcept=ophicalciet@broaderConceptURI=http://www.rnaproject.org/data/e5f217cc-92d8-4f8f-a835-f4f081132529
sedimentaire natuursteen@skosConceptURI=http://www.rnaproject.org/data/75f7f02d-8a58-400b-8448-bfe368ce0a07@broaderConcept=natuursteen@broaderConceptURI=http://www.rnaproject.org/data/a44f5f8b-d66c-405c-b927-f8fee82ca66d
albast@skosConceptURI=http://www.rnaproject.org/data/e8e567cd-ff13-42f8-8a96-58acb4eb0332@broaderConcept=sedimentaire natuursteen@broaderConceptURI=http://www.rnaproject.org/data/75f7f02d-8a58-400b-8448-bfe368ce0a07
Nottingham albast@skosConceptURI=http://www.rnaproject.org/data/81d144b7-59ca-457c-8f72-a4cb328d931e@broaderConcept=albast@broaderConceptURI=http://www.rnaproject.org/data/e8e567cd-ff13-42f8-8a96-58acb4eb0332
Spaanse albast@skosConceptURI=http://www.rnaproject.org/data/b99da70c-d5d0-4838-ad7d-faa47eaee80c@broaderConcept=albast@broaderConceptURI=http://www.rnaproject.org/data/e8e567cd-ff13-42f8-8a96-58acb4eb0332
ijzeroer@skosConceptURI=http://www.rnaproject.org/data/64a72826-8faa-4175-84e7-11e63bc9162a@broaderConcept=sedimentaire natuursteen@broaderConceptURI=http://www.rnaproject.org/data/75f7f02d-8a58-400b-8448-bfe368ce0a07
kalksteen@skosConceptURI=http://www.rnaproject.org/data/e482151c-4c8e-41a2-bbec-c1d46694e378@broaderConcept=sedimentaire natuursteen@broaderConceptURI=http://www.rnaproject.org/data/75f7f02d-8a58-400b-8448-bfe368ce0a07
anstrude@skosConceptURI=http://www.rnaproject.org/data/168d0c76-7323-4ea7-a638-e6dd765b4a7f@broaderConcept=kalksteen@broaderConceptURI=http://www.rnaproject.org/data/e482151c-4c8e-41a2-bbec-c1d46694e378
Brauvilliers@skosConceptURI=http://www.rnaproject.org/data/ad4253e8-7dd8-458d-9029-c57275dd5b74@broaderConcept=kalksteen@broaderConceptURI=http://www.rnaproject.org/data/e482151c-4c8e-41a2-bbec-c1d46694e378
Euville@skosConceptURI=http://www.rnaproject.org/data/df8435a5-b0cf-48d4-9bd7-cfc6fdffffe6@broaderConcept=kalksteen@broaderConceptURI=http://www.rnaproject.org/data/e482151c-4c8e-41a2-bbec-c1d46694e378
jaumont@skosConceptURI=http://www.rnaproject.org/data/3a1ccb95-4fe0-45fe-b046-de00a797a697@broaderConcept=kalksteen@broaderConceptURI=http://www.rnaproject.org/data/e482151c-4c8e-41a2-bbec-c1d46694e378
Magny@skosConceptURI=http://www.rnaproject.org/data/6b31f490-3c58-4fce-8e61-787161374b53@broaderConcept=kalksteen@broaderConceptURI=http://www.rnaproject.org/data/e482151c-4c8e-41a2-bbec-c1d46694e378
Massangis@skosConceptURI=http://www.rnaproject.org/data/724ab3a5-f3fc-498b-9d90-ebd8bfbeccc1@broaderConcept=kalksteen@broaderConceptURI=http://www.rnaproject.org/data/e482151c-4c8e-41a2-bbec-c1d46694e378
mergel@skosConceptURI=http://www.rnaproject.org/data/c8ae07f4-b8fb-4c05-9917-fd5369be4c4d@broaderConcept=kalksteen@broaderConceptURI=http://www.rnaproject.org/data/e482151c-4c8e-41a2-bbec-c1d46694e378
Portland@skosConceptURI=http://www.rnaproject.org/data/f301d157-9650-4b85-866e-5b1b55c387f5@broaderConcept=kalksteen@broaderConceptURI=http://www.rnaproject.org/data/e482151c-4c8e-41a2-bbec-c1d46694e378
Saint-Maximin@skosConceptURI=http://www.rnaproject.org/data/5fa5e59b-a740-4afc-9658-e1aa1da5eb8b@broaderConcept=kalksteen@broaderConceptURI=http://www.rnaproject.org/data/e482151c-4c8e-41a2-bbec-c1d46694e378
Savonnieres@skosConceptURI=http://www.rnaproject.org/data/1f7f092c-81c4-4a56-9150-545831aa3eb0@broaderConcept=kalksteen@broaderConceptURI=http://www.rnaproject.org/data/e482151c-4c8e-41a2-bbec-c1d46694e378
Solnhofener@skosConceptURI=http://www.rnaproject.org/data/9ddd1510-76c6-40d2-968c-627e35cf94a8@broaderConcept=kalksteen@broaderConceptURI=http://www.rnaproject.org/data/e482151c-4c8e-41a2-bbec-c1d46694e378
leisteen@skosConceptURI=http://www.rnaproject.org/data/e10245f1-4e69-4223-9fa8-d6595af49bb1@broaderConcept=sedimentaire natuursteen@broaderConceptURI=http://www.rnaproject.org/data/75f7f02d-8a58-400b-8448-bfe368ce0a07
polijstbare kalksteen@skosConceptURI=http://www.rnaproject.org/data/7b9432f4-b9d4-474d-ad76-a6f7b39b52d8@broaderConcept=sedimentaire natuursteen@broaderConceptURI=http://www.rnaproject.org/data/75f7f02d-8a58-400b-8448-bfe368ce0a07
Ascolaanse travertin@skosConceptURI=http://www.rnaproject.org/data/06a047e1-946d-40dd-946b-2c21de3324d8@broaderConcept=polijstbare kalksteen@broaderConceptURI=http://www.rnaproject.org/data/7b9432f4-b9d4-474d-ad76-a6f7b39b52d8
Belgische hardsteen@skosConceptURI=http://www.rnaproject.org/data/58ec13b6-88f8-4385-9702-6f8c0494da86@broaderConcept=polijstbare kalksteen@broaderConceptURI=http://www.rnaproject.org/data/7b9432f4-b9d4-474d-ad76-a6f7b39b52d8
bois Jourdan@skosConceptURI=http://www.rnaproject.org/data/b4ed1e65-c27a-4f8e-86bb-84fe7d22cd0b@broaderConcept=polijstbare kalksteen@broaderConceptURI=http://www.rnaproject.org/data/7b9432f4-b9d4-474d-ad76-a6f7b39b52d8
Comblanchien@skosConceptURI=http://www.rnaproject.org/data/f0d9f320-4ffa-4f11-9e1f-c47c46c7e9b5@broaderConcept=polijstbare kalksteen@broaderConceptURI=http://www.rnaproject.org/data/7b9432f4-b9d4-474d-ad76-a6f7b39b52d8
griotte@skosConceptURI=http://www.rnaproject.org/data/256b0202-d84e-4ae7-b35a-7f6c17a131a3@broaderConcept=polijstbare kalksteen@broaderConceptURI=http://www.rnaproject.org/data/7b9432f4-b9d4-474d-ad76-a6f7b39b52d8
gris@skosConceptURI=http://www.rnaproject.org/data/d48b336a-2fe3-4a83-a8b7-4dcad0879849@broaderConcept=polijstbare kalksteen@broaderConceptURI=http://www.rnaproject.org/data/7b9432f4-b9d4-474d-ad76-a6f7b39b52d8
gris rose@skosConceptURI=http://www.rnaproject.org/data/d10f0b11-615a-4538-81f6-1685ccb6c786@broaderConcept=polijstbare kalksteen@broaderConceptURI=http://www.rnaproject.org/data/7b9432f4-b9d4-474d-ad76-a6f7b39b52d8
Ierse hardsteen@skosConceptURI=http://www.rnaproject.org/data/9ba43955-9423-4a69-b2ed-402893628333@broaderConcept=polijstbare kalksteen@broaderConceptURI=http://www.rnaproject.org/data/7b9432f4-b9d4-474d-ad76-a6f7b39b52d8
jura@skosConceptURI=http://www.rnaproject.org/data/368ac824-c65a-441c-904d-3bbfc599bc22@broaderConcept=polijstbare kalksteen@broaderConceptURI=http://www.rnaproject.org/data/7b9432f4-b9d4-474d-ad76-a6f7b39b52d8
Kirchheimer muschelkalksteen@skosConceptURI=http://www.rnaproject.org/data/a0928f83-aeda-4756-9dbe-c9520ae01a3c@broaderConcept=polijstbare kalksteen@broaderConceptURI=http://www.rnaproject.org/data/7b9432f4-b9d4-474d-ad76-a6f7b39b52d8
Krensheimer muschelkalksteen@skosConceptURI=http://www.rnaproject.org/data/2390a0ca-5837-49fc-be10-eeddc5b682e4@broaderConcept=polijstbare kalksteen@broaderConceptURI=http://www.rnaproject.org/data/7b9432f4-b9d4-474d-ad76-a6f7b39b52d8
marbre noir de Golzinne@skosConceptURI=http://www.rnaproject.org/data/aac846ca-ca89-4329-a314-fa453745af5b@broaderConcept=polijstbare kalksteen@broaderConceptURI=http://www.rnaproject.org/data/7b9432f4-b9d4-474d-ad76-a6f7b39b52d8
Napoleon@skosConceptURI=http://www.rnaproject.org/data/fad847b3-bf12-4254-9571-b20fb517b536@broaderConcept=polijstbare kalksteen@broaderConceptURI=http://www.rnaproject.org/data/7b9432f4-b9d4-474d-ad76-a6f7b39b52d8
Oland@skosConceptURI=http://www.rnaproject.org/data/97160f21-c195-46aa-89f8-01f5006bf9e4@broaderConcept=polijstbare kalksteen@broaderConceptURI=http://www.rnaproject.org/data/7b9432f4-b9d4-474d-ad76-a6f7b39b52d8
pierre de Vinalmont@skosConceptURI=http://www.rnaproject.org/data/c2fe9f78-6afa-4819-a378-5cb6d7056682@broaderConcept=polijstbare kalksteen@broaderConceptURI=http://www.rnaproject.org/data/7b9432f4-b9d4-474d-ad76-a6f7b39b52d8
Romaanse travertin@skosConceptURI=http://www.rnaproject.org/data/17f50d06-76db-4ffa-80b1-da99e9e9e7a3@broaderConcept=polijstbare kalksteen@broaderConceptURI=http://www.rnaproject.org/data/7b9432f4-b9d4-474d-ad76-a6f7b39b52d8
rouge royal@skosConceptURI=http://www.rnaproject.org/data/28875f6a-2439-41dd-983e-bd1714e234f7@broaderConcept=polijstbare kalksteen@broaderConceptURI=http://www.rnaproject.org/data/7b9432f4-b9d4-474d-ad76-a6f7b39b52d8
Toscaanse travertin@skosConceptURI=http://www.rnaproject.org/data/01315d87-101a-420f-96a3-e23f60480b64@broaderConcept=polijstbare kalksteen@broaderConceptURI=http://www.rnaproject.org/data/7b9432f4-b9d4-474d-ad76-a6f7b39b52d8
wasserstein@skosConceptURI=http://www.rnaproject.org/data/4d53f755-c412-40d5-af87-9f81b3279159@broaderConcept=polijstbare kalksteen@broaderConceptURI=http://www.rnaproject.org/data/7b9432f4-b9d4-474d-ad76-a6f7b39b52d8
tufsteen@skosConceptURI=http://www.rnaproject.org/data/79f5550a-6adf-4699-9338-3b47e5a3240f@broaderConcept=sedimentaire natuursteen@broaderConceptURI=http://www.rnaproject.org/data/75f7f02d-8a58-400b-8448-bfe368ce0a07
Ettringer tufsteen@skosConceptURI=http://www.rnaproject.org/data/e1f56b2f-e688-436b-9bd6-182e0ceff039@broaderConcept=tufsteen@broaderConceptURI=http://www.rnaproject.org/data/79f5550a-6adf-4699-9338-3b47e5a3240f
peperino grigio@skosConceptURI=http://www.rnaproject.org/data/a1be9122-cf34-4c42-bade-a1dfbcbe889a@broaderConcept=tufsteen@broaderConceptURI=http://www.rnaproject.org/data/79f5550a-6adf-4699-9338-3b47e5a3240f
peperino rosato@skosConceptURI=http://www.rnaproject.org/data/a257e659-5905-4e35-8702-df42bb22c7b8@broaderConcept=tufsteen@broaderConceptURI=http://www.rnaproject.org/data/79f5550a-6adf-4699-9338-3b47e5a3240f
Romer tufsteen@skosConceptURI=http://www.rnaproject.org/data/08781db6-cb95-4710-84dc-786dd44988bf@broaderConcept=tufsteen@broaderConceptURI=http://www.rnaproject.org/data/79f5550a-6adf-4699-9338-3b47e5a3240f
Weiberner tufsteen@skosConceptURI=http://www.rnaproject.org/data/1a0fb3de-0070-4a2b-8b88-ad1051bccb5f@broaderConcept=tufsteen@broaderConceptURI=http://www.rnaproject.org/data/79f5550a-6adf-4699-9338-3b47e5a3240f
zandige kalksteen@skosConceptURI=http://www.rnaproject.org/data/1542b1c2-f2ce-4142-908d-438b01849d79@broaderConcept=sedimentaire natuursteen@broaderConceptURI=http://www.rnaproject.org/data/75f7f02d-8a58-400b-8448-bfe368ce0a07
Balegemse steen@skosConceptURI=http://www.rnaproject.org/data/c27b611d-e568-4a7a-8ed3-e5f21d8eaae0@broaderConcept=zandige kalksteen@broaderConceptURI=http://www.rnaproject.org/data/1542b1c2-f2ce-4142-908d-438b01849d79
Baumberger kalksteen@skosConceptURI=http://www.rnaproject.org/data/38f0cd0d-beba-48aa-b4f7-ea73991db935@broaderConcept=zandige kalksteen@broaderConceptURI=http://www.rnaproject.org/data/1542b1c2-f2ce-4142-908d-438b01849d79
Gobertange@skosConceptURI=http://www.rnaproject.org/data/ecaec6db-a9e6-4c19-ab5e-d84ccd4c7db7@broaderConcept=zandige kalksteen@broaderConceptURI=http://www.rnaproject.org/data/1542b1c2-f2ce-4142-908d-438b01849d79
zandsteen@skosConceptURI=http://www.rnaproject.org/data/0d5314ad-8c2e-47af-9e8f-c0a759528cf7@broaderConcept=sedimentaire natuursteen@broaderConceptURI=http://www.rnaproject.org/data/75f7f02d-8a58-400b-8448-bfe368ce0a07
Bentheimer zandsteen@skosConceptURI=http://www.rnaproject.org/data/2ee08884-357a-418c-87f0-a4fdd72b34ca@broaderConcept=zandsteen@broaderConceptURI=http://www.rnaproject.org/data/0d5314ad-8c2e-47af-9e8f-c0a759528cf7
Obernkirchner zandsteen@skosConceptURI=http://www.rnaproject.org/data/93aa76e8-5abf-4472-84c3-cc6eab5a5ed0@broaderConcept=zandsteen@broaderConceptURI=http://www.rnaproject.org/data/0d5314ad-8c2e-47af-9e8f-c0a759528cf7
Udelfanger zandsteen@skosConceptURI=http://www.rnaproject.org/data/b5fd2f96-7ccb-43d8-bf27-3ea2343330ce@broaderConcept=zandsteen@broaderConceptURI=http://www.rnaproject.org/data/0d5314ad-8c2e-47af-9e8f-c0a759528cf7
zandsteen/kwartsiet@skosConceptURI=http://www.rnaproject.org/data/0eed1aa2-7d3c-4d67-9eb4-f370353e4429@broaderConcept=zandsteen@broaderConceptURI=http://www.rnaproject.org/data/0d5314ad-8c2e-47af-9e8f-c0a759528cf7
stollingsgesteente@skosConceptURI=http://www.rnaproject.org/data/64e8f1a7-4ab8-4ae7-ac1b-dbcea2e875f8@broaderConcept=natuursteen@broaderConceptURI=http://www.rnaproject.org/data/a44f5f8b-d66c-405c-b927-f8fee82ca66d
dieptegesteente@skosConceptURI=http://www.rnaproject.org/data/ce5e2d15-a78b-42a8-ad0a-85ec4aa014f1@broaderConcept=stollingsgesteente@broaderConceptURI=http://www.rnaproject.org/data/64e8f1a7-4ab8-4ae7-ac1b-dbcea2e875f8
graniet@skosConceptURI=http://www.rnaproject.org/data/a32b5be4-4a9c-418f-811f-8e47ced5be03@broaderConcept=dieptegesteente@broaderConceptURI=http://www.rnaproject.org/data/ce5e2d15-a78b-42a8-ad0a-85ec4aa014f1
balmoral@skosConceptURI=http://www.rnaproject.org/data/20bac21c-8eb1-401d-9f9d-9fa8ffa5b1ef@broaderConcept=graniet@broaderConceptURI=http://www.rnaproject.org/data/a32b5be4-4a9c-418f-811f-8e47ced5be03
Beiers graniet@skosConceptURI=http://www.rnaproject.org/data/9cab12dc-70da-4ab7-9f77-00b36147a4cc@broaderConcept=graniet@broaderConceptURI=http://www.rnaproject.org/data/a32b5be4-4a9c-418f-811f-8e47ced5be03
ganggesteente@skosConceptURI=http://www.rnaproject.org/data/cdd902ac-87d3-46f0-a937-cc6dad152dd1@broaderConcept=stollingsgesteente@broaderConceptURI=http://www.rnaproject.org/data/64e8f1a7-4ab8-4ae7-ac1b-dbcea2e875f8
diabaas@skosConceptURI=http://www.rnaproject.org/data/6e26fceb-db50-43ac-8f65-5fa7add96c0d@broaderConcept=ganggesteente@broaderConceptURI=http://www.rnaproject.org/data/cdd902ac-87d3-46f0-a937-cc6dad152dd1
uitvloeiingsgesteente@skosConceptURI=http://www.rnaproject.org/data/825a5daf-6c31-4a7c-9ff2-927185c7d6ae@broaderConcept=stollingsgesteente@broaderConceptURI=http://www.rnaproject.org/data/64e8f1a7-4ab8-4ae7-ac1b-dbcea2e875f8
basaltlava@skosConceptURI=http://www.rnaproject.org/data/39ee5e39-c81e-4bd4-9d20-b6d4c8040b88@broaderConcept=uitvloeiingsgesteente@broaderConceptURI=http://www.rnaproject.org/data/825a5daf-6c31-4a7c-9ff2-927185c7d6ae
Londorfer basaltlava@skosConceptURI=http://www.rnaproject.org/data/2be933dc-92bf-409e-90c7-20c9b03b5b18@broaderConcept=basaltlava@broaderConceptURI=http://www.rnaproject.org/data/39ee5e39-c81e-4bd4-9d20-b6d4c8040b88
Niedermendiger basaltlava@skosConceptURI=http://www.rnaproject.org/data/d3b5d51f-58db-46ad-ae48-7a3ddb74ff7c@broaderConcept=basaltlava@broaderConceptURI=http://www.rnaproject.org/data/39ee5e39-c81e-4bd4-9d20-b6d4c8040b88
tefriet@skosConceptURI=http://www.rnaproject.org/data/44b004df-1a31-4fc8-af99-ab16c3619c94@broaderConcept=basaltlava@broaderConceptURI=http://www.rnaproject.org/data/39ee5e39-c81e-4bd4-9d20-b6d4c8040b88
volvic@skosConceptURI=http://www.rnaproject.org/data/58bffec3-6b2a-4f15-9518-ce1d79a9688d@broaderConcept=basaltlava@broaderConceptURI=http://www.rnaproject.org/data/39ee5e39-c81e-4bd4-9d20-b6d4c8040b88
trachiet@skosConceptURI=http://www.rnaproject.org/data/cb34b9c2-6d8c-4110-aa7e-acc8babbcdd9@broaderConcept=uitvloeiingsgesteente@broaderConceptURI=http://www.rnaproject.org/data/825a5daf-6c31-4a7c-9ff2-927185c7d6ae
Tepla trachiet@skosConceptURI=http://www.rnaproject.org/data/525bd278-802e-497c-bc70-20647ef39e2b@broaderConcept=trachiet@broaderConceptURI=http://www.rnaproject.org/data/cb34b9c2-6d8c-4110-aa7e-acc8babbcdd9
Weidenhahn@skosConceptURI=http://www.rnaproject.org/data/251f6f8d-91bb-4ae6-b778-30c483280eda@broaderConcept=trachiet@broaderConceptURI=http://www.rnaproject.org/data/cb34b9c2-6d8c-4110-aa7e-acc8babbcdd9
overig@skosConceptURI=http://www.rnaproject.org/data/46e501c7-e70a-4b1f-aa58-d7738cf6e31e@broaderConcept=steen@broaderConceptURI=http://www.rnaproject.org/data/06703a2b-30d3-422e-8cb4-15a933fba4b2
amfiboliet@skosConceptURI=http://www.rnaproject.org/data/b0e67aff-f9ec-4e53-a674-7bf2ef1c9f5c@broaderConcept=overig@broaderConceptURI=http://www.rnaproject.org/data/46e501c7-e70a-4b1f-aa58-d7738cf6e31e
barnsteen@skosConceptURI=http://www.rnaproject.org/data/5b536b2c-f0e1-4b54-8766-6f7d7eb285e0@broaderConcept=overig@broaderConceptURI=http://www.rnaproject.org/data/46e501c7-e70a-4b1f-aa58-d7738cf6e31e
basalt@skosConceptURI=http://www.rnaproject.org/data/a799b505-798a-4dfe-9ada-5c6b42b0c2d4@broaderConcept=overig@broaderConceptURI=http://www.rnaproject.org/data/46e501c7-e70a-4b1f-aa58-d7738cf6e31e
bergkristal@skosConceptURI=http://www.rnaproject.org/data/15267059-dded-44ab-a3fe-1360f7dcd0a3@broaderConcept=overig@broaderConceptURI=http://www.rnaproject.org/data/46e501c7-e70a-4b1f-aa58-d7738cf6e31e
dioriet@skosConceptURI=http://www.rnaproject.org/data/972c7e5e-f92e-4316-9a25-6ffbea43bd79@broaderConcept=overig@broaderConceptURI=http://www.rnaproject.org/data/46e501c7-e70a-4b1f-aa58-d7738cf6e31e
gabbro@skosConceptURI=http://www.rnaproject.org/data/a0f0e7ff-9919-471f-beef-559f76eeca65@broaderConcept=overig@broaderConceptURI=http://www.rnaproject.org/data/46e501c7-e70a-4b1f-aa58-d7738cf6e31e
git@skosConceptURI=http://www.rnaproject.org/data/e03d9122-6edb-458d-b034-5d82d13724c1@broaderConcept=overig@broaderConceptURI=http://www.rnaproject.org/data/46e501c7-e70a-4b1f-aa58-d7738cf6e31e
grauwacke@skosConceptURI=http://www.rnaproject.org/data/2fe0963c-ddef-4f46-a8bd-6e40f509014d@broaderConcept=overig@broaderConceptURI=http://www.rnaproject.org/data/46e501c7-e70a-4b1f-aa58-d7738cf6e31e
helleflint@skosConceptURI=http://www.rnaproject.org/data/f917e726-c604-4476-aa75-40ffe5ec3531@broaderConcept=overig@broaderConceptURI=http://www.rnaproject.org/data/46e501c7-e70a-4b1f-aa58-d7738cf6e31e
jadeit@skosConceptURI=http://www.rnaproject.org/data/0410fcc4-251e-4476-96ba-f1b09b4714e4@broaderConcept=overig@broaderConceptURI=http://www.rnaproject.org/data/46e501c7-e70a-4b1f-aa58-d7738cf6e31e
kiezelgeode@skosConceptURI=http://www.rnaproject.org/data/ba0e6e83-0d49-4d0c-9ae1-398f83f64e53@broaderConcept=overig@broaderConceptURI=http://www.rnaproject.org/data/46e501c7-e70a-4b1f-aa58-d7738cf6e31e
kleischalie/kleisteen@skosConceptURI=http://www.rnaproject.org/data/5f0b8078-8203-4519-b702-f013c59e4300@broaderConcept=overig@broaderConceptURI=http://www.rnaproject.org/data/46e501c7-e70a-4b1f-aa58-d7738cf6e31e
ligniet/sapropeliet@skosConceptURI=http://www.rnaproject.org/data/518e14b4-9889-4f4d-807c-b19241de6e7d@broaderConcept=overig@broaderConceptURI=http://www.rnaproject.org/data/46e501c7-e70a-4b1f-aa58-d7738cf6e31e
lydiet/phtaniet@skosConceptURI=http://www.rnaproject.org/data/5a84f7e6-2e44-4324-8ef6-cb4810373e46@broaderConcept=overig@broaderConceptURI=http://www.rnaproject.org/data/46e501c7-e70a-4b1f-aa58-d7738cf6e31e
oker@skosConceptURI=http://www.rnaproject.org/data/ea3efd45-0d7d-452c-95e5-bb7a0c696c17@broaderConcept=overig@broaderConceptURI=http://www.rnaproject.org/data/46e501c7-e70a-4b1f-aa58-d7738cf6e31e
vuursteen@skosConceptURI=http://www.rnaproject.org/data/30c0a7a1-ef70-4410-b55b-8381953a91c1@broaderConcept=steen@broaderConceptURI=http://www.rnaproject.org/data/06703a2b-30d3-422e-8cb4-15a933fba4b2
helgoland@skosConceptURI=http://www.rnaproject.org/data/b1762ef7-8399-4fa2-af46-44f115cbba2a@broaderConcept=vuursteen@broaderConceptURI=http://www.rnaproject.org/data/30c0a7a1-ef70-4410-b55b-8381953a91c1
noordelijk@skosConceptURI=http://www.rnaproject.org/data/83329917-8b86-40dd-8a04-b4af26dfd797@broaderConcept=vuursteen@broaderConceptURI=http://www.rnaproject.org/data/30c0a7a1-ef70-4410-b55b-8381953a91c1
rijckholt@skosConceptURI=http://www.rnaproject.org/data/de55b904-f735-4ef1-a559-e76f787d6c28@broaderConcept=vuursteen@broaderConceptURI=http://www.rnaproject.org/data/30c0a7a1-ef70-4410-b55b-8381953a91c1
valkenburg@skosConceptURI=http://www.rnaproject.org/data/e68320bb-4a0f-4f08-82f8-5b01b9fb33cb@broaderConcept=vuursteen@broaderConceptURI=http://www.rnaproject.org/data/30c0a7a1-ef70-4410-b55b-8381953a91c1
