härd
härdgrop
härdrest
härdbotten
grop
kokgrop
käpphål
störhål
skärvstensflak
skärvstenshög
stenläggning
ränna
väggränna
takbärare
plogspår
årderspår
lergrop
ugn
ässja
kolningsgrop
fångstgrop
stenpackning
kulturlager
lager
nedgrävning
mörkfärgning
lagerrest
dike
grav
kantkedja
gravgömma
flatmarksgrav
brunn
avfallsgrop
boplatsgrop
härdbotten
förvaringsgrop
stensträng
röse
röjningsröse
odlingsröse
hög
stensättning
järnframställningsugn
blästugn
hydda
hyddbotten
pinnhål
sotfläck
hålväg
odlingslager
syll
boplatslager
vägstolpe
syllstensrad
skärvstenslager
härdar
härdgropar
gropar
kokgropar
skärvstenshögar
rännor
väggrännor
lergropar
ugnar
ässjor
kantkedjor
gravgömmor
härdbottnar
hyddor
hyddbottnar
väggstolpar
stolphål
stolphålen
stolphålet
stolphålsrad
stolprad
förrådsgrop
anl
anläggning
anläggningen
anläggningar
anläggningarna
lämning
schaktugn
gropschaktugn
brandgrop
brandlager
arkeologiska objekt
mittränna
hyddöppning
stenskoning
skenskott
stenskodda
eldkammare
glödkammare
kupol
tillredningsgrop
takbärande
skoning
brandlager
stolpe
bockpar
mittskepp
gavel
sotlins
matlagningsgrop
vägglinje
långsida
kortsida
packning