adeps
adeps bovis
agat
ag-leg
al
alabaster
almandin
aluminium
alunskiffer
alunsten
ametist
amfibolit
amfibolitgnejs
aplit
arkos
arkossandsten
asbest
ask
aska
asp
bark
basalt
bast
beck
ben
benaska
benhorn
bergart
bergkristall
bergskristall
betong
bivax
björk
björknäver
björkträ
björnklo
björntand
bladguld
blodstensmalm
bly
blyerts
blyglans
bly-leg
blylegering
bomull
breccia
brecciakvarts
bredvadporfyr
bredvadsporfyr
brons
brunskiffer
bryozokalksten
bränd lera
brända ben
buxbom
bärnsten
bävertand
carboniferons
cement
cerat
chert
cordieritskiffer
cu
cu-leg
cu-legering
dalaporfyr
dentalium
diabas
diamant
diorit
dioritporfyr
djurborst
djurhår
djurtand
dun
ebenholts
ebonit
ek
ekträ
elfenben
emalj
<en>
endiorit
ene
enkrinit
enträ
fe
fe-leg
fe-legering
fiber
filt
fiskben
fiskfjäll
fjäder
flinta
flintgods
fnöske
furu
furubark
furuträ
fyllit
fågeldun
fältspat
fältspatkvartsit
gagat
gips
gjutjärn
glas
glimmer
glimmergnejs
glimmerkvarts
glimmerkvartsit
glimmerskiffer
gnejs
gnejsgranit
grafit
gran
granat
granater
granit
granitgnejs
granodiorit
granträ
grågnejs
grågranit
gråkvartsit
gråleptit
gråskiffer
gråsten
gråsurgnejsgranit
gräs
grönskiffer
grönsten
grönstensporfyr
guld
guldlegering
gulmetall
gulockra
gummi
gävlekalksten
gävlesandsten
halm
halvädelsten
hampa
harpix
harts
hjorthorn
horn
hornblände
hornbländit
hår
jade
jaspelit
jaspilit
jaspis
jord
jotnisk sandsten
jute
järn
järnglans
järnmalm
järnoxid
järnslagg
kalcedon
kalk
kalksandsten
kalkspat
kalksten
kalvskinn
kambrisk sandsten
kambrosilurisk sandsten
kaolin
karneol
keramik
kisel
kiselkalk
kohorn
kohår
kokosnöt
koks
kol
kolmårdsmarmor
konststen
koppar
kopparlegering
kopparslagg
korall
kork
kristall
kristallkvarts
kristianstadflinta
kristianstadsflinta
krita
kritkalksten
kritsten
kronhjortshorn
kvarts
kvartsfyllit
kvartsit
kvartsitglimmerskiffer
kvartsitisk bergart
kvartsitisk sandsten
kvartsitisk skiffer
kvartsitporfyr
kvartsitsandsten
kvartsitskiffer
kvartsläkt breccia
kvartsporfyr
kåda
körsbär
lava
legering
leptit
leptitgnejs
leptitkvartsit
leptitporfyr
leptitporfyrit
lera
lergods
lersand
lersandsten
lerskiffer
lignit
limonit
lin
lind
lindbark
linne
läder
lönn
lövträ
magnetit
malm
marmor
masonit
masurbjörk
metabasit
metall
metallegering
metavulkanit
mineral
mocka
molera
molluskskal
mosandsten
mossa
mosten
muskovit
musselskal
mälarporfyr
mässing
nickel
niello
nysilver
näver
nötskal
obrända ben
obsidian
ockra
olja
oljeskiffer
ormskinn
ortoceratit
ortoceratitkalksten
ostronskal
papier-maché
papper
paraffin
pegmatit
pegmatitkvarts
pergament
pimpsten
poppel
porfyr
porfyrit
porslin
pyrit
päls
pälsskinn
pärlemor
renhorn
rosenkvarts
ryolit
rödjord
röd porfyr
rökkvarts
sammet
sandsten
senonflinta
siden
silke
silver
silverklorid
silverlegering
sintrat material
skiffer
skinn
slagg
slidhorn
sn-leg
snäcka
snäckblandad
snäckblandad stenart
snäckor
snäckskal
stengods
stenkol
strålsten
stål
svavel
svavelkis
svinborst
sämskskinn
tagel
tall
tallbark
tand
tegel
tenn
tenn-leg
tennlegering
tjära
torv
trä
täljsten
ull
urbergart
urbergsgnejs
urbergskvartsit
urbergsskiffer
urkalksten
urlerskiffer
valben
valnöt
valrossben
valrosstand
vass
vax
vitmetall
växtfiber
växtfibrer
ådergnejs
ädelmetall
älghorn
ögongnejsgranit
Sot
Skärvsten
Skärvstenar
Skärviga stenar
