Avrättningsplats
Ballastplats
Begravningsplats
Begravningsplats enstaka
Bengömma
Bergshistorisk lämning övrig
Bildristning
Björngrav
Blästbrukslämning
Blästplats
Boplats
Boplatsgrop
Boplatslämning övrig
Boplatsområde (sammansatt)
Boplatsvall
Borg
Bro
Brott/ täkt
Brunn/kallkälla
Brytningsyta
Byggnad annan
Byggnadsminne
Bytomt/ gårdstomt
Båtlänning
Dammvall
Depåfynd
Dike/ränna
Drag
Fartygs-/ båtlämning
Fiskeläge
Flatmarksgrav
Flintgruva
Flottningsanläggning
Fornborg
Fornlämningsliknande lämning
Fossil åker
Fyndplats
Fyndsamling
Fyr
Fångstanläggning övrig
Fångstgrop
Fångstgropssystem
Fångstgård
Fäbod
Färdväg
Färdvägssystem
Fästning/skans
Förtöjningsanordning
Förvaringsanläggning
Gistgård
Gjuteri
Glasindustri
Grav - uppgift om typ saknas
Grav markerad av sten/ block
Grav- och boplatsområde (sammansatt)
Grav övrig
Gravfält
Gravhägnad
Gravklot
Gravvård
Gruvhål
Gruvområde
Gränsbestämt område
Gränsmärke
Hammare/ smedja
Hammarområde
Hamnanläggning
Hamnområde
Hembygdsgård
Hornsamling
Husgrund, förhistorisk/ medeltida
Husgrund, historisk tid
Hytt- och hammarområde
Hyttlämning
Hyttområde
Hägnad
Hägnadssystem (sammansatt)
Hällbild
Hällmålning
Hällristning
Härd
Hög
Industri övrig
Järnåldersdös
Kalkugn
Kanal
Kanalmärke
Kemisk industri
Kloster
Kokgrop
Kolningsanläggning
Kompassros/ väderstreckspil
Kraftindustri
Kvarn
Kyrka/ kapell
Kyrkstad
Kåta
Källa med tradition
Labyrint
Livsmedelsindustri
Lägenhetsbebyggelse
Metallindustri/ järnbruk
Militär anläggning övrig
Militär mötesplats
Minnesmärke
Naturföremål/ -bildning med tradition
Obestämbar
Offerkast
Offerplats
Område med flottningsanläggningar
Område med fossil åkermark
Område med militära anläggningar
Område med skogsbrukslämningar
Pappersindustri
Park-/ trädgårdsanläggning
Plats med tradition
Rengärda
Renvall
Ristning, medeltid/ historisk tid
Runristning
Röjningsröse
Röse
Rösning
Samlingsplats
Sjömärke
Skåre/ jaktvärn
Skärvstenshög
Slagfält
Slott/ herresäte
Smideslämning
Smidesområde
Småindustriområde
Spärranordning
Stadsbefästning
Stadslager
Stadsvall/ stadsmur
Stalotomt
Statligt byggnadsminne
Stenidustri
Stenkammargrav
Stenkistgrav
Stenkrets
Stenring
Stenröjd yta
Stensättning
Stenugn
Stridsvärn
Tegelindustri
Terrassering
Textilindustri
Tomtning
Träindustri
Uppfordringsanläggning
Vad
Vallanläggning
Varv/ slip
Viste
Vårdkase
Vägmärke


Rest sten
Resta stenar
Boplatslämningarna
Grav- och boplatsområde
Fast fornlämning
Fornminne
Fornlämning
Fornlämningar
Fornlämningen
Lämningen
Lämningarna
Lämning
Hus
Långhus
Mesula
Mesulakonstruktion
Mesulahus
Tvåskeppigt långhus
Treskeppigt långhus
Härdområde
Hyddlämning
Hydda
Bosättning
Gård
Gårdstun
Stensättning
Domarring
Runsten
Kyrka
Boplatsläge
Fyndplats
Fornlämningsmiljö
Fornlämningsområde
Boplatsområde
Struktur
Strukturer
Slagplats
Torplämning
Torp
Stolpburet hus
Väg
Lokal
Lokaler
Boplatsyta
Byggnad
Byggnaden
Grav
Gravhög
Överlagrade lämningar
Aktivitetsplats
Tillfällig aktivitetsplats
Kulthus
Kultbyggnad
Fossil åkermark
Fossil odling
Smedja
Aktivitetsområde
Förrådshus
Uthus
Brunnsområde
Centralplats
Tingsplats
Källa
Skelettgrav
Odlingsröse
Vägsträckning
Hästskoformad hydda
Hästskohydda
Grandgrav
Profan byggnad
Begravning
Begravningen
Gårds- och boplatslämning
Fyrstolpshus
Ekonomibyggnad
Boplatskomplex
