abbasid
abbotskräkla
abbotssigill
adamsfigur
agnkrok
agnus dei
agraff
agraffknapp
agraffspänne
aigrette
akvamanil
alfabets-plomb
alkotte
almanacka
almandin
alnmått
altarkors
processionskors
altarkrucifix
processionskrucifix
altaranordning
altarbord
altarbrun
altarduk
altarduksbård
altarduksspets
altardyna
altare
altarhäll
altarklädsel
altarkors
altarkrucifix
altarplatta
altarprydnad
altarring
altarringsduk
altarringsdyna
altarskiva
altarskåp
altarskåpsfigur
altarskåpsfigurer
altarskåpskrön
bladklocka
altarskåpsrelief
altartavla
altartäcke
altaruppsats
altarväggsdekor
alunsten
ambolt
guldsmidesverktyg
amfora
amictus
ampel
ampull
ampulla
amulett
spjutspets
ten
amuletthänge
miniatyrämnesjärn
amulettknippa
amulettring
ammunitionskula
anastasius
andaktsbild
andaktsbok
angeljärn
ankare
ankarnit
ankarnyckel
ankarslut
ankelring
ankformad
ansikte
ansiktsformigt
ansiktsmask
ansiktspärla
ansiktsurna
ansiktsvas
anteckningsblock
anteckningsbok
antemensale
antennsvärd
antependium
anthemius
antonius pius
anvapen
apostlafigur
apostlar
apotekarkrus
apoteksflaska
apoteksglas
apotekskärl
applikation
arcadius
arm
armring
fotring
halsring
armband
pärla
nyckel
armborst
armborstfibula
armborstnöt
armborstpil
holk
armborstpilspets
armborstspets
armborstspännare
armbuckla
armbygel
ring
spänne
armerad
armeringsjärn
armrelikvarium
armskena
armskydd
arosmärke
asbestgods
asbestkeramik
asfalt
ask
asklock
assiett
astragal
astylospongia
aureus
avdrivningsplatta
avfall
splitter
avgjutning
avklippare
avlatsbrev
avlopp
avloppsrör
avloppstrumma
avsats
avsatsyxa
pålstav
avslag
avslag med slipyta
avslag med retusch
avslag med slipad yta
avslagsborr
avslagsfragment
avslagskrapa
avslagskärna
avslagsmejsel
avslagsskrapa
avtryckare
ax
axel
axelsten
spånpilspets
bacinet
badorf
bakkappa
bakplåt
bakspade
baksporre
baktråg
balansvåg
fällvåg
baldakin
balja
balk
balsamkruka
balusterdocka
balustrad
band
bandbeslag
bandflätsornerat
bandgrind
bandhänkel
bandjärn
bandkniv
bandolerplatta
bandtång
bardisan
barkfigur
barkflöte
barkjärn
barkspade
barnarmring
barnkänga
barnskelett
barnsko
barnstövel
barnsula
barr
skrotbrons
barrform
bartmankrus
bartmannkrus
basiliscus
basunängel
beck
begravningsfana
begravningskista
begravningsmössa
begravningssköld
begravningsvapen
belag
ben
bendolk
benflöjt
benfragment
benföremål
benkam
bennål
benpil
benplatta
benpärla
benskaft
nålhus
benskena
benspill
benurna
benämne
bergkristall
bergkristallhänge
bergmalm
bergskristall
berlock
beslag
beslagfragment
beslaghank
beslaghänge
beslagsband
beslagsbleck
beslagsbricka
beslagsfragment
beslagshylsa
beslagsknopp
beslagsnit
beslagsplatta
beslagsplåt
beslagsram
beslagsribba
beslagsring
beslagsskena
beslagsten
beslagsämne
besman
besmankrok
bestick
betalningspolett
betongtegel
betsel
remtygsbeslag
betselbeslag
betseldetalj
betselkedja
betselring
bett
bibel
bibelspänne
bierhanne
bikärl
bila
skäggyxa
bildklot
bildsten
bindsula
yttersula
bipolär kärna
bipolära avslag
bipolärt avslag
biskopsbänk
biskopshuvud
biskviformig
bitsilver
bivax
bjälke
bjällerspel
bjällra
björkris
björkträ
björkvatten
björn
björnhuvudyxa
björnklo
björnklor
björnspjut
björntand
skaft
bladfjäll
bladfjällskanna
bladhänge
bladkakel
bladornament
blandjärn
bleck
blindtärning
blixtskyddsamulett
blosshållare
blyavfall
blyband
blyfragment
blyglans
blyplomb
blyrör
blysmälta
blyspröjs
blystycke
blyvikt
blåmussla
blåshorn
bläck
bläckhorn
bläckpenna
blästermunstycke
blästerrör
blästerskydd
blästerugn
blästklimpjärn
bock
bodkin-spets
boett
bogträ
bok
relikskrinsbeslag
bokband
bokbandsbeslag
bokbandsknäppe
bokbandsstämpel
bokbandsstöd
bokbeslag
bokbräde
bokdyna
bokdyneklädsel
bokhörnsbeslag
bokmärke
bokpall
bokpärm
bokspänne
bokstöd
bokstödskläde
boll
bonad
bonddanskrus
bord
bordskniv
bordtäcke
bornholmsfibula
borr
borrspets
borrtapp
borste
bottenslagg
bottensmälta
brakteat
brakteatamulett
brakteatmatris
bratmannkrus
bredyxa
bricka
brickband
posamentband
brodd
broddfragment
broderi
brodyrband
brokad
bronsbjällra
bronsbleck
bronsfragment
bronsföremål
bronsklumpar
bronsknapp
bronsprydnad
bronsring
bronsringar
bronsskrot
bronsskålla
bronsslagg
bronssmälta
bronsspiral
bronsspiralpärla
bronssyl
bronstacka
bronstråd
brosch
broscherat brickband
brudbindel
brudbröd
brudkrona
brudpall
brudsmycke
bruk
brummer
bryne
brynefragment
brynja
brynjefragment
brynjeringar
brynsten
bräda
brädstump
bräm
brämbägare
bränd flinta
bränd lera
brända ben
bränt ben
bröd
brödkaka
brödnagg
brödspade
buckelurna
buckla
buktglas
buktigt glas
bult
spik
bultlås
bygellås
bygelsax
buntsilver
bur
burk
apotekskärl
mugg
butelj
buteljglas
bygel
bygelkrampa
bygelkrok
bygelnål
bygelsax
byggnadsfragment
byst
byxa
byxklämma
båge
bågfibula
bågfodralsbeslag
bågformig fibula
bågfristegel
bågkogerbeslag
bågspänne
bågsåg
bård
båt
båtbeslag
båtbord
båtdetalj
båtnagel
båtnit
båtnitar
båtshake
båtsänke
båtyxa
bägare
krautstrunk
noppglas
nuppenbecher
pokal
bälg
bälstesspänne
bältbeslag
bälte
bältebeslag
bältedetalj
bältedosa
bältehake
bältekedja
bälteknapp
bältekrok 
bältekupa
bältekvast
bälteplatta
bälteprydnad
bältering
bältesband
bältesbeslag
remdelare
ändbeslag
bälteshake
bälteskål
bältesplatta
bältespänne
bältesring
bältesringar
bältesspänne
bältessölja
bältesträckare
bältesväska
bältesölja
bälthälla
bänk
bänkdyna
bänkdörr
bänkgavel
bänkgavelskrön
bänkgavlar
bänkkvarter
bänkskärm
bär
bärnsten
bärnstenspärla
bärnstenssmycke
bärnstensstycke
bärring
bärvidja
bärögla
bönbok
bönpall
börs
eldslagningsflinta
bössa
bössflinta
bösskrats
bösskula
cement
cerat
ceremoniyxa
ciborium
cingulum
ciselörhammare
cloisonné
cloisonnéearbete
cloissoné-hänge
cuppa
cylinderbägare
cylinderhalsbrämbägare
cylinderhalsbägare
cylinderhalsskål
cylindrisk kärna
cylindrisk plattformskärna
cylindrisk spånkärna
dalmatika
dalmatikabård
dalmatikaärm
dalpil
degel
degelfragment
dekorationsnit
dekorationsnitar
dekorationsnål
dekorkam
dekornit
dekornål
dekorspik
dekorstift
denar
diadem
dirham
dirhem
diskus
djuravbildning
djurben
djurfigur
djurfigurin
djurhorn
djurhuvud
djurhuvudarmring
djurhuvudformad fibula
djurhuvudformat spänne
djurhuvudformigt spänne
djurhuvudspänne
djurhuvudspännen
djurkäke
djurskulptur
djurtand
docka
dockarm
docksko
dolk
dolkblad
dolkklinga
dolkknapp
dolkslida
dolkspets
dolkstav
dolkyxa
don
dopbord
dopfat
dopfunt
dopfuntslock
dopfuntstak
dopfuntstäcke
dopkläde
dopmössa
doppsko
dopskål
doputstyrsel
dopängel
dorn
dorsalbräde
dosa
doslock
dosspänne
dragjärn
dragjärnsämne
draglås
draglåsnyckel
draglänk
dragögla
drakhuvud
drakhuvudornament
drakring
dressnål
drev
dricksglas
drivhammare
droppanna
droppbägare
dropp-panna
druvbägare
druvhagel
dryckesbägare
dryckesglas
dryckeshorn
dryckeshornsbeslag
dryckeskanna
dryckeskärl
dryckespokal
dryckesskål
dräkt
dräktbeslag
dräktbjällra
dräktbårder
dräktdetalj
dräktspänne
dräktfragment
dräkthake
dräktnål
dräktnålar
dräktnålshuvud
dräktprydnad
dräktprydnader
dräktsmycke
dräktspänne
dräkttillbehör
dräneringsrör
dubb
dubbelbeslag
dubbeleggad skafthålsyxa
dubbeleggad stridsyxa
dubbeleggad yxa
dubbelhelkam
dubbelkam
dubbelknapp
dubbelkrok
dubbelljushållare
dubbelnit
dubbelpärla
dubbelskalig spännbuckla
dubbelskenkam
dubbelskrapa
dubbelsölja
dubbelten
dubbelvävnad
dubbelyxa
duk
dymling
dyna
dynggrep
dyrk
dystlansspets
dödskalle
dödsmask
dörr
dörrinramningar
fönsterinramningar
dörrbeslag
dörrgångjärn
dörrhake
dörrhandtag
kisthandtag
dörrhasp
dörrklinka
dörrknopp
dörrkramla
dörrkrampa
dörrkrok
dörrlås
dörrmärla
dörrspik
dörrstapel
dörrtapp
edsring
egg
eggblad
eggdel
eggjärn
eggredskap
eggskydd
eggstål
eggverktyg
ekofakt
ekollon
ekorrpil
eldbock
elddon
eldhandvapen
eldhund
eldkorg
eldkrok
krampa
eldpil
eldredskap
eldrör
eldslagningsdon
eldslagningsflinta
eldslagningssten
eldslagningsstål
eldslagningsten
eldslagningstål
eldsten
eldstål
eldstålsbeslag
eldsurna
eldtång
elfenbensring
emaljarbete
emaljknapp
emaljmålning
enbärskärna
eneggad kniv
eneggat svärd
enhandsfattning
enkelkam
kamämne
enkelspänne
enkelsölja
enkloig nyckel
enkolpium
epitafium
bryne
flinta
etui
eudocia
evangelistfigur 
evangelistsymbol
raeren
facettslipat glas
facetterad
facetterad pärla
fajans
falang
fallos
fana
fanstång
fasettslipad bägare
fastebrev
fasteduk
fat
gryta
kruka
skål
kopp
silkärl
trefotsgryta
fat, trefotsgryta, krus
fattigbössa
fattigstock
fattning
fibula
fibulor
fibulafragment
fibulanål
fickkniv
fickur
figur
figurhänge
figurin
figurkakel
fil
filigran
filigranhänge
filigranpärla
filigransmycke
filigrantråd
filklämma
filt
filter
fingerborg
fingerhandske
fingerring
klackring
spiralring
fingerringsklack
fingervante
finkam
fiolstall
fiskekrok
fiskelina
fiskeredskap
fiskfat
fiskfjäll
fiskkrok
fiskristning
fisksticka
fisksump
fjäder
fjäderbricka
fjäderhylsa
fjäderpenna
fjätter
flaska
flaskhals
flaskpropp
flathuggen dolk
flathuggen flintdolk
flathuggen med konkav bas
flathuggen med tvär bas
flathuggen med tånge
flathuggen med urnupen bas
flathuggen pilspets
flathuggen pilspets med urnupen bas
flathuggen skära
flathuggen spets
flathuggen spets med tånge
flathuggen spets med urnupen bas
flathuggen spets utan tånge
flathuggen spjutspets
flathuggen spjutspets med urnupen bas
flathuggen tångespets
flathugget föremål
flathugget redskap
flatyxa
fliksko
toffelsko
flinta
flintavslag
flintdolk
flinteggad kniv
flinteggad spets
flinteggpil
flintfragment
flintgods
flintkniv
flintkärna
flintlås
flintmejsel
flintnodul
flintskrapa
flintskära
flintspån
flintstycke
flintstycken
flintyxa
flodskålsnäcka
blåmussla
fluss
fläta
flätarbete
flätverksklining
flöjel
flöjt
flöte
fläns
fnöske
fodral
fodralkam
fogslev
fogspik
fogsvans
folie
formkakel
formtegel
fossil
fot
fotangel
fotbägare
foto
fotograferings plåt
fotplatta
fotskål
snabelsko
frans
fransspiral
fredsgårdsyxa
frejafigur
fresendorf
fris
friskakel
friskulptur
frontsnörsko
frukt
fruktkärna
frö
fröer
frön
fröskal
fullgreppsdolk
fullgreppsvärd
fyllnadskil
fyllningsstycken
fyrfot
fyrhålsbricka
fyrpass
fyrpasspänne
fågelbeslag
fågelfibula
fågelfigur
fågelfjäder
fågelhuvud
fågelhänge
fågelmotiv
fågelpil
fågelspänne
fårsax
fäll
fällbomslås
fällkniv
fällvåg
färgpigment
fäste
fästebeslag
fästeknapp
fästenål
fönster
fönsterbeslag
fönsterbly
fönsterglas
fönstergångjärn
fönsterhake
fönsterkolonnett
fönsterkrok
fönsterlist
fönstermassverk
fönstermasverk
fönsteromfattning
fönsterruta
fönsterspröjs
fönsterstapel
förarbete 
förarbeten
förband
förbönslängd
förslaggad lera
förslaggad sand
förslaggat glas
förslaggat material
förslaggat tegel
förslutare
gaffel
gaffeltjuga
galge
galla placidia
galler
gallerjärn
gallerlucka
gallerplåt
gallerverk
garn
garnityr
garnnystan
garnsnöre
garveriredskap
gatusten
gavelstatyer
portalstatyer
gavelhäll
gavelkista
gehäng
gehängbeslag
getingpärla
gevär
gevärsgaffel
giktring
gipsform
gipskristall
gipsstaty
girland
gjutavfall
gjutdegel
gjuteriavfall
gjuterispill
gjutform
gjutformsfragment
gjutformsämne
gjutgren
gjuthuvud
gjutjärnhäll
gjutjärnsgryta
gjutkaka
gjutklump
gjutkon
gjutkärna
gjutmodell
gjutpanna
gjutpropp
gjutrest
gjutskägg
gjutspill
gjuttapp
glas
glasbägare
glasdroppe
glaserat gods
glaserat rödgods
rödgods
glaserat taktegel
yngre rödgods
glasfluss
glasfodral
glasfolie
glaskula
glaskulor
glaskupa
glasmassa
glasmosaik
glasmålning
glasplåt
glaspropp
glaspärla
glaspärlor
karneolpärlor
bergkristallpärlor
glasskiva
glasskärvor
glasslagg
glassmälta
glasstycke
glasyrprov
glasyrskärva
glasögon
glasögonfibula
glasögonfodral
glasögonspänne
glidring
glidspänne
gluggomfattning
glycerius
glättare
glättbräde
glättredskap
glättsten
glättsten
polersten
slipsten
glödkärl
glödskal
gnidsten
golvkakel
golvplanka
golvplatta
golvplattor
golvtegel
golvtegelplattor
golvtilja
golvur
gotlandskittel
gotlandskorall
gotlandskruka
granat
grankotte
gravdräkt
gravernål
gravhäll
gravkista
gravkistprydnad
gravklot
locksten
gravkors
gravkärl
gravplatta
gravsten
gravstensfragment
gravstickel
gravtextilier
gravtumba
gravtäcke
gravurna
gravvård
gravyr
grenavtryck
grep
grepe
greppbeslag
grepplattedolk
greppfästedolk
grepptungesvärd
grepptångedolk
grepptångesvärd
greppögla
griffel
grillspett
grip
gripdjurshänge
gropkeramik
gropkeramisk keramik
gropornerat kärl
gryta
trefotsgryta
sil
krus
kittel
grytfot
grytgaffel
grythandtag
grytkedja
grytkrok
grytställ
grytupphängning
gräs
grävningskniv
grävpinne
grötkräkla
gudastaty
gudastatyer
guldfiligranpärla
guldfolie
guldfolie
ögonpärla
guldfolieglas
guldfoliepärla
guldgubbe
guldknippa
guldmynt med ögla
guldsmedshammare
guldsmedsmatris
guldspets
guldtråd
gyllenläder
gångjärn
gångjärnsband
gångjärnsbeslag
gångjärnsfäste
gångjärnshake
gångjärnskrok
gångjärnssprint
gångjärnsstapel
gångjärnsstopp
gångjärnstapp
gångjärnsögla
gångled
gängtapp
gärdesgårdshank
gärdsgårdshank
gärdsgårdsring
gödselgrep
gördelbeslag
gördelbygel
gördelplatta
gördelring
hacka
hacka med skafthål
krampa
hackbrons
hackkniv
hacksilver
hagel
hagtorn
hajtand
hake
hake
hyska
hakebössa
hakjärn
hakkorsfibula
hakspänne
hallon
hallstattsvärd
halsband
halsbägare
halsgarnityr
halsjärn
halskedja
halskrage
halsring
halssmycke
halster
halvpärla
halvsko
halvsula
halvtoffla
hammarband
hammare
hammarslagg
hampa
handbeklädnad
handborr
handelsjärn
handfat
handgranat
handkanna
handkil
handklocka
handkvarn
handske
handskrift
handtag
handtagsbeslag
handtagsfäste
handtagsgryta
handtagskam
handtagskärna
handtagsöra
hank
hankfäste
hankpipkärl
hantverksavfall
hantverksspill
hantverksämne
harnesk
harpix
harpixkaka
harpun
harpunspets
harts
hartsbit
hartsfragment
hartskaka
hartskula
hartssträng
hartsstycke
hartstätning
hartstätningskärl
hartstätningsring
hasp
haspel
hasselkäpp
hasselnöt
hasselnötskal
hasselnötsskal
hattnål
havssnäcka
hedebybrakteat
hedebyhalvbrakteat
hedebymynt
helgonbild
helgonkrona
helgonskåp
helgonskåpsbaldakin
helgonskåpssockel
helmetallhammare
herdestavsnål
herm
hermpilaster
hillebard
hink
hjalt
hjorthorn
hjul
hjulhuvudnål
hjulringsbeslag
hjulsporre
hjälm
hjälmbeslag
hjälmkam
hjälmkrossare
hjälmprydnad
hjärtformigt bältebeslag
hjärtformad pilspets
hjärtformat bältebeslag
hjärtformig pilspets
holk
holkbeslag
holkjärn
holkkrok
holkmejsel
holknit
holkpilspets
holkspets
holkyxa
tväryxa
honorius
horn
hornföremål
hornkvick
hornplatta
hornpryl
hornskaft
hornskiva
hornspets
hornspill
hornstagg
hornstycke
horntagg
horntegel
horntrissa
hornyxa
hornämne
horologium
hovjärn
hovskydd
hovtång
huggare
huggjärn
huggkniv
huggkubbe
huggmejsel
huggpipa
huggspån
huggsten
hullingspets
husaltare
husgeråd
hushållsglas
husurna
huvud
huvudbanér
huvudbonad
huvudlag
hylsa
hyska
hyttslagg
hyvel
barkkniv
hyveljärn
hyvelspån
håleggad flintmejsel
håleggad mejsel
håleggad yxa
hålglas
hålkniv
hålkyxa
hålkälad
hålmejsel
hålnål
hålträns
hår
hårfläta
hårkam
hårklämma
hårlänk
hårnål
hårnålsböje
hårring
hårspänne
häckla
häkta
hyska
häkte
häkteknapp
häktespänne
häll
hälla
hällristningssten
hängbryne
hängare
hängbeslag
hängblad
hängbleck
rasselbleck
hängbryne
hänge
eldstålsformigt hänge
korsformigt hänge
pärlhänge
hängen
hängflaska
hänggryta
hängkors
hängkärl
hänglås
bultlås
hänglåsnyckel
hängprydnad
hängsle
hängsmycke
hänkel
härd
härdplatta
hund
häst
hästbrodd
hästbroddar
hästfigur
hästhänge
hästkam
hästlås
hästmundering
hästsko
hästskobrodd
hästskosöm
hästskrapa
hästtand
hästutrustning
hätta
hävstång
högaffel
höganäskrus
högsätesplanka
höknäbbskniv
hörnbeslag
hörnlist
båspets
hörnstycke
idol
ikon
infattningsring
infattningssten
ingöt
ingötskanal
ingötstratt
inhak
inläggning
innertak
insekt
inskriftstavla
inskription
inskriptionstavlor
inslag
instrument
instrumentset
isbrodd
isglas
islägg
ispik
isskrapa
jakthorn
jaktkniv
jaktpil
jellingedjur
jetong
jordaskiftesbrev
jungfruflaska
jydepotte
järnband
järnbeslag
järnfragment
järnföremål
järngaffel
järnhatt
järnkittel
järnklump
järnkorrosion
järnkrampa
järnkula
järnloppor
järnmalm
järnnit
järnplatta
järnring
järnskoning
järnskrot
järnslagg
järnsmidesslagg
järnsmälta
järnspiral
järnspån
järnstång
järnten
järnugn
järnutfällning
kabinettskåp
kaftan
svita
kaftanknapp
svitaknapp
kakel
pottkakel
kakelform
kakelmatris
kakelplatta
kakelugn
kakelugnskakel
kakelugnssten
kalender
kalkbruk
kalkduk
kalkfodral
kalkkläde
kalkmålning
kalkprov
kalkputs
kalksinter
kalksten
kalkstenshäll
kalkstenskvader
kalkstensplatta
kalv
kalvarium
kam
dubbelkam
kamfodral
kamé
kamfragment
kamin
kamkeramik
kammakarspill
kammakeriavfall
kamnit
kamämne
kandelaber
kanefor
kanin
kanna
tatingkanna
tatingerkanna
westerwaldkanna
kanon
kanonkula
kanonprojektil
kanot
kantband
kantbeslag
kantbård
kantlist
kantmejsel
kantskena
kantskoning
kantspik
kantstickel
kantyxa
kapell
kapitäl
kolonnbas
kapsel
kapselhänge
kar
karaff
karbinkula
kardinal
karm
karneol
karneolpärla
karta
kartusch
karvsticka
kasseroll
kastspjut
katsa
katt
kaurisnäcka
kavel
kavle
kedja
kedja, s-typ
kedjefäste
kedjegarnityr
kedjehake
kedjeholk
kedjehållare
pärlhållare
kedjehänge
kedjekorall
kedjekrok
kedjelås
kedjelänk
kedjelänkar
kedjeplatta
kedjesmycke
kedjespridare
keramik
lerklining
keramikkorv
keramikkärl
keramikskärva
limskorpa
kerub
kerubhuvud
kil
kilsten
kindskydd
kirkup
kirurgiskt instrument
kista
kistbeslag
kisthandtag
kistlock
kistplåt
kistskylt
kistspik
kiststift
kittel
kittelbeslag
kittelfragment
kittelhank
kjortel
klack
klackjärn
klammer
klammernagel
klapperbleck
klappträ
klarglas
klaviaturbräde
klinknagel
klimpform
klimpjärn
klinga
klingsporre
klinknaglar
klippsilver
klo
klocka
klockkläpp
klocklod
klocklänk
kloliknande
klonyckel
kloss
klot
klove
kloyxa
klubba
klubba med skaftränna
smälta
klumppil
klädeshake
klädesnål
klädesplagg
klädesplomb
klädsel
klämma
kläpp
kläppe
glättsten
knacksten
löpare
malsten
knapp
knapphuvudnål
knappnål
knappskålla
knappskära
knappslejfsko
kniptång
kniv
knivfragment
knivslida
knivskaft
knivbeslag
knivblad
knivbladsfragment
knivholk
knivhylsa
knivknapp
knivskaftsbeslag
knivslidebeslag
knivslidesbeslag
knivspets
knivtånge
knivämne
knopp
knoppskålla
knoppskära
knoppölflaska
knotenring
knut
knutstycke
knuttimmer
knyppelpinne
knytgaffel
knäfallspall
knäppbeslag
knäppklaff
knäppkänga
knäppnål
knäppsko
knäppslejf
knäppslejfsko
knäppstövel
knävelspjut
knävring
kofot
koger
kohorn
kokkärl
koks
koksten
kol
kolat trä
kolben
kolbenarmring
kollektbäcken
kollektbössa
kollekthåv
kollekthåvspåse
kollekthåvsring
kollekthåvsskaft
kollekthåvsskåp
kollekthåvsstång
kollektskopa
kolonettbas
kolonettkapitäl
kolonn
kolonnbas
kolonnett
kolonnettbas
kolonnkapitäl
kolonnknippe
kolskyffel
kolstav
kolv
kommendörskraschan
kommunionsked
kompass
konhalsbrämbägare
konhalsbägare
konhalsskål
konisk kärna
konisk mikrospånkärna
konisk spånkärna
konisk avslagskärna
konsol
konsolplatta
konsolsten
kontrasigill
kopp
kopparbleck
kopparbråssa
kopparribba
kopparslagg
kopparsmälta
kopparspill
kopparstick
koppel
koppjärn
koprolit
korall
korbänk
korg
korgformigt beslag
kork
korkskruv
korkåpa
korn
korphacka
korprydnad
korrosionskrusta
kors
korsarm
korsett
korsfibula
korsformad fibula
korsformig fibula
korsformigt beslag
korsformigt smycke
korsformigt spänne
korsgloria
korstol
korstolsgavel
kortlie
kortsvärd
huggkniv
vapenkniv
koskälla
kotknapp
kritpipa
kragflaska
kraghandske
kragsten
kramla
krampa
krampspik
kran
kranium
ringbrynjehuva
krans
krantapp
kranvred
krapa
borr
kraschan
krats
krok
kratta
krautstrunk
kristusbild
kristusfigur
kristusskulptur
kritpipa
kritpipor
kritstycke
krok
krok med lekare
krok med sänke
krok med ögla
kroknyckel
krona
kronfodral
kropfnadeln
krossten
krucifix
krucifixbeslag
krucifixfigur
krucifixgrupp
kruka
kruka bikärl
kruka buk
krukskärva
krukskärvor
krumkniv
krummejsel
krumsvärd
krus
raerenkrus
salvekrus
siegburgkrus
krutbehållare
kruthorn
krutkammare
krydda
kryddkrus
kryddor
kryssornamentik
kräftformig fibula
kräftformigt spänne
kräftspänne
kräkla
krönbeslag
krönkakel
krönknopp
krönlist
krönornament
krönprydnad
kubbstol
kubbstolshänge
kugeltopf
kugghjul
kuggstång
kula
lerkula
kuldosa
kulhalsring
kulknapp
kullås
kulor
kulslagg
kultyxa
kultång
kupa
kupglas
kupiga beslag
kupiga bronsbeslag
kupigt bronsbeslag
kupigt nithuvud
kvader
kvadersten
handkvarn
malsten
kvarnlöpare
kvarnsten
kvinnofigur
kügeltopf
kyrkbänk
kyrkbänksgavel
kyrkdörr
kyrkkista
kyrkklocka
kyrkskepp
kyrkstock
kyrkstöt
kåda
kåsa
dryckeskärl
käke
känga
käpp
käppbrodd
käppkrycka
käppskoning
kärl
kärlbeslag
kärlfragment
kärna
kärna med retusch
cylindrisk kärna
plattformskärna
kärnborr
kärnfragment
kärnredskap
kärnrest
kärnspaltflöjt
kärnyxa
kätting
kölformad kärna
kölformig kärna
kölskrapa
kölskrapa med retusch
körnare
körsbär
körsbärskärna
köttgaffel
lacksigill
laddram
laddstake
lagg
laggad skål
laggat kärl
laggband
laggkärl
laggkärlsband
laggskål
laggstav
laggtunna
lagningsbleck
lagringsmedium
lamell
lamellpansar
lampa
lampett
lampkupa
lancett
lancettformad spets
lancettmikrolit
lans
lansett
lansettformig pilspets
lanshake
lansnit
lansspets
lav
lejfsko
lejonfigur
lejonhuvud
lekan
lekane
leksak
leksaker
lerbergsyxa
lerbruk
lergods
lergök
lerklining
lerkula
lerkärl
lerpipa
lerpärla
lersked
lerskiva
lerslagg
lie
lieblad
lihultyxa
likaramat spänne
likarmad fibula
likarmat bågspänne
likarmat reliefspänne
likarmat spänne
likkista
likkistbeslag
likkistspik
liljeornament
liljesten
limhamnsyxa
limhamnyxa
lindsmälta
linfäste
linknippe
linnevävnad
linrepa
lins
linsträckare
lintråd
listspill
listverk
litorinasnäcka
livring
ljudinstrument
ljudkärl
ljushållare
blosshållare
ljusarm
ljusassiett
ljusbärare
ljusholk
ljuskrona
ljuskronefigur
ljusmanschett
ljuspigg
ljuspipa
ljusplåt
ljusredskap
ljussax
ljusstake
ljusstaksfigur
ljusstav
ljusstavar
ljusstavskrön
ljuster
ljusterspets
lock
lockkrön
locksten
lod
lodbössa
lodjur
luntlås
lunula
lunulahänge
lunulla
lupp
lur
lyftring
lykta
lyra
låda
lådbeslag
lårskena
lås
låsanordning
låsbeslag
låsbleck
låsbricka
låsdelar
låsdetalj
låsdetaljer
låsfjäder
låshake
låskolv
låsmärla
låsplåt
låsregel
låsöverfall
läder
textilfragment

läderband
läderfragment
läderföremål
läderkniv
läderknutsknapp
lädernål
läderskrapa
läderspill
läkarredskap
läktarbröstning
läktarskrank
läktartavla
völvestav
länk
länkar
läst
lödförpackning
lödförpackning
uppkolningsförpackning
lödpaket
lönnlåda
löpare
löpare med slipspår
löpare med slipspår
löpare med slipyta
löparsten
löpsten
löpögla
lövkniv
madonna
madonnaskåp
magel
malsten
knacksten
slipsten
malja
malm
malmgryta
malmstycke
malstensfragment
malstenslöpare
malungsten
manschett
manschettknapp
mansdräkt
mansfigur
mantel
mantelspänne
mariaskåp
marlek
marmor
mask
masungsslagg
masverk
masverksfragment
matkniv
matris
matsked
matskorpa
matta
medaljong
medicin
mejsel
mejselliknande
mejselpuns
mejselämne
mejslar
mellanslagsstycke
mellanstycke
melonpärla
membran
metall
metallband
metallborr
metallföremål
metallspets
metalltråd
metalltrådsborste
metkrok
metkrok med holk
dubbel metkrok
mikrolit
mikropärla
mikrospån
mikrospånborr
mikrospånfragment
mikrospånkärna
mikrostickel
mindre likarmat
mineral
miniatyr
miniatyrbåtyxa
miniatyrdolk
miniatyr flintdolk
miniatyrbryne
miniatyrbägare
miniatyrdolk
miniatyreggblad
miniatyreldstål
miniatyrfial
miniatyrflöjel
miniatyrgravklot
miniatyrkam
miniatyrkniv
miniatyrkruka
miniatyrkrus
miniatyrkärl
miniatyrlans
miniatyrlie
miniatyrnagel
miniatyrnål
miniatyrbeslag
miniatyrskål
miniatyrskära
miniatyrsköld
miniatyrspik
miniatyrspjut
miniatyrspjutspets
miniatyrsvärd
miniatyrspjut
miniatyrsyl
miniatyrvagn
miniatyryxa
minnestavla
mjärde
mjölkpall
moderform
mollusk
monogramnål
mortel
mortelsten
mortelstör
mortelstöt
mosaik
mosaikbit
mosaikpärla
mosesbild
mosesskulptur
mossa
motivbleck
motivkakel
motivplatta
vaxtavla
muff
mugg
munbett
munbleck
mungiga
nunnetegel
munkpanna
munktegel
munstycke
muppenglas
mur
murankare
murarhammare
murbruk
murhammare
murkrampa
murkrok
murslev
murspik
murtegel
formtegel
golvtegel
musikinstrument
muskötkula
musselskal
mussla
mutter
mynning
mynningsbeslag
mynningsring
mynningsskärva
mynt
myntklipp
myntbrosch
mynthänge
s:t petersmynt
myntkedja
myntningsspill
myntningsunderlag
myntpräglingsunderlag
myntämne
myrjärn
målat fönsterglas
målat glas
målkärl
mångkantig skafthålsyxa
mångkantsyxa
måttstav
völvestav
mälardalsyxa
människofigur
människofigurer
människofigurin
människohår
märkbleck
märkjärn
märkningsbricka
märla
märlspik
mässhake
mässhaksfoder
mässhakskors
mässingsgöt
mässkjorta
mätbord
mätsticka
möbel
möbelbeslag
möbeldetalj
möbelspik
mönster
mönsterblad
mönsterklippning
mönstermall
mössa
mössprydnad
nagel
namnchiffer
napp
narvalstand
nattsänke
nattvardstyg
nav
navare
neptunussnäcka
niniatyrkärl
nit
nitar
nitbleck
nitbricka
nitbrickband
nitbrickeband
nitfragment
nithuvud
nitknapp
nitnagel
nitplatta
nodul
nodul med krusta
nodulavfall
nodule
nodulstycke
noppare
noppbägare
noppglas
nordbottniskt redskap
norrbottnisk hacka
notsänke
nubb
nyckel
nyckelax
nyckelbricka
nyckelhandtag
nyckelknippa
nyckelring
nyckelskaft
nycklar
nystan
nystbricka
nystpinne
nådastol
nål
nål till oval spännbuckla
nål till spänne
nålfragment
pryl
nålbryne
nålbrynsten
nåldyna
nåletui
nålform
nålfäste
nålhus
nålhuvud
nålhållare
nålämne
nålöglor
näbb
näbbfibula
näbbformad fibula
näbbformigt spänne
näbbsko
näsduk
näsdukar
nässkydd
nät
nätkavel
nätnål
nätsticka
nätsänke
näver
näverdosa
näverflak
näverfragment
näverkärl
näverpåse
näverrullar
näverrulle
nöt
nöthår
nötskal
oblatask
oblatfat
oblatjärn
oblatkärl
oblatmått
oblatsked
oblatskrin
ockra
odenfigur
offerstock
ok
oktant
oledat
oljekar
oljekarsfodral
oljelampa
organiskt material
orgel
orgelfasad
orgelhus
orm
ormhuvud
ormhuvudarmring
ormhuvudfingerring
ormhuvudring
ormhänge
ormspänne
ormöglespänne
ornamentbricka
ornamentdetalj
ornamentplatta
ornamentruta
ornamentsdetaljer
orneringsinstrument
osmund
osmundjärn
ostform
ostron
ostronskal
ostränna
otterböle
ottonska
oval spännbuckla
oval spännbuckla, baltisk
oval spännbuckla, berdalstyp
oval spännbuckla, birkatyp
dubbelskalig  oval spännbuckla
dubbelskalig  spännbuckla
enkelskalig  spännbuckla
enskalig oval spännbuckla
enskalig spännbuckla
ovalt spänne
ovala spännbucklor
ovanläder
oxhorn
oxidskal
oxmulesko
oxsko
paddel
paddelåra
pall
pallningsjärn
panel
panelskiva
panelverk
panna
pannå
pannåmålning
pansarhandske
pansarlamell
papper
papperskniv
parerplåt
parerstång
passare
passement
passglas
patris
patron
patronhylsa
pelarbas
pelare
penhammare
penna
pennhållare
penning
pennkniv
pennvässare
pensel
pergament
pergamentprickare
pergamentremsa
pergamentsprickare
permisk halsring
persika
petrifikat
pietà
pik
pikdoppsko
piklod
pikspets
piksporre
pil
pilaster
pilasterskulptur
pilbåge
pilbädd
pilgrimsmussla
pilgrimsmärke
pilkoger
pilkolv
pilskaft
pilskaftsglättare
pilspets
pilspets med holk
pilspets med tånge
pilspets med urnupen bas
pilspetsar
pilspetsämne
pilum
pimpel
pimpsten
pincett
örslev
pinnar
pinne
rövsticka
pinnharv
pinnstol
pip
pipa
pipjärn
piplera
piprensarhjärta
piscina
piska
piskbeslag
planbryne
planglas
planka
platta
plattformskärna
plattformsavslag
plattformsavslag med retusch
plattformsavslag med slipyta
plattformskärna med retusch
plattformsredskap
plattformssplitter
plattjärn
plattspänne
plog
plogbill
plomb
plommonkärnor
plugg
plåt
plåtbeslag
plåtklipp
plåtkärl
plåtremsa
plåtsax
plåtskälla
plåtsprial
plåtstycke
pokal
polersten
polerstenar
polyedernål
polyedrisk vikt
porslin
port
portal
portalbåge
portalfragment
portalomfattning
portomfattning
portring
porträtt
porträttkakel
posamentarbete
posamentband
possament
pottkakel
prakthjälm
praktnyckel
predikstol
predikstolskläde
predikstolsrelief
predikstolstak
pressbleck
pressblecksfibula
pressbleckspatris
pressglas
pressglaskärl
primklocka
prisma
probersten
processionsfana
processionsföremål
processionskors
processionskrucifix
profilerad fibula
profilerad sten
profilerat beslag
profilkakel
profiltegel
projektil
projektilspets
propp
protodjurhuvudspänne
prydnad
prydnadsbeslag
prydnadsbleck
prydnadsbuckla
prydnadsdetalj
prydnadsdubb
prydnadshänge
prydnadsknapp
prydnadsknut
prydnadsnit
prydnadsnitbricka
prydnadsnål
prydnadsplåt
prydnadsribba
prydnadsspik
prydnadssten
prydnadsstift
prydnadssöm
prydnandsbleck
pryl
stickel
syl
prylhandtag
prylskaft
prästbänk
prästdräkt
prästkappa
psalmbok
psalmboksbeslag
psalmboksknäppe
psalmboksspänne
psalmboksspännen
psalmnummertavla
pulpet
pung
puns
pryl
punsdyna
puts
putsbruk
putsfragment
putsjärn
pyndare
pyndarvikt
påk
påle
påse
påsyningsbeslag
påtning
päll
päls
pärla
pärlarmband
pärlemor
pärlfigur
pärlfragment
pärlgarnityr
pärlhalsband
pärlhänge
pärlkrok
pärlor
pärlring
pärlspridare
rabbig keramik
radband
radbandspärla
radbandspärlor
rakkniv
krumkniv
ram
rambräda
ramtrumma
ramverksdegel
ranka
rasp
rassel
rasselbleck
rasselskiva
redskap
redskap med borrhål
redskap med skafthål
redskap med skaftränna
redskap med slipad yta
redskap med slipyta
redskapsspänne
reduktionsslagg
regel
regelhandtag
rektangelmikrolit
rektangulär fibula
rektangulär nitbricka
rektangulärt bleck
rektangulärt bågspänne
rektangulärt spänne
reliefansikte
reliefbandamfora
reliefbleck
reliefbyster
reliefkakel
reliefplatta
reliefskärva
reliefspänne
relieftavla
relik
relikaltare
relikask
relikaskfot
relikdosa
reliker
relikium
relikkapsel
relikkors
relikpåse
relikskrin
relikvarium
rem
rembeslag
rembygel
remdelare
remdelarring
remfäste
remhållare
remkorsbeslag
remkorsningsbeslag
remledare
remlöpare
remmare
noppglas
remsa
remsko
remspänne
remstycke
remsölja
bältespänne
remtunga
remtungebeslag
remtyg
remtygsbeslag
remtygssölja
remändbeslag
remändebeslag
remändesbeslag
remändsbeslag
remögla
remöglebeslag
renhorn
rep
repskoning
repstav
reticella
reticellabägare
reticellaglas
reticellakärl
reticellaskål
reticelllabägare
retuscherat avslag
retuscherat skivavslag
retuscherat spån
revben
ribba
ribbtegel
riksvapen
ring
ringar
tenar
ringbeslag
ringbetsel
ringbrynja
ringbrynjehandske
ringbrynjehuva
ringbrynjeskjorta
ringformigt spänne
ringfragment
ringhandtag
ringhank
ringhylsa
ringkors
ringkrage
ringkrok
ringnål
ringnålshuvud
ringnålsspänne
ringormigt
ringpuns
ringpärla
ringsmycke
ringspänne
ringsten
ringsvärd
ringsölja
ringväv
rinspänne
rits
stylo
rivare
rombisk pilspets
rombisk yxa
rombyxa
rosénkeramik
rosettfibula
rosettspänne
rossläder
rovdjurstand
rullhuvudnål

rullstämpel
rullsölja
rump
rumpkakel
runben
runbleck
runbricka
rundfönster
rundhäl
rundjärn
rundkärna
rundskrapa
rundsköld
rundspänne
rundstav
runinskrift
runstav
runsten
runstensfragment
rustning
skelett
rustningsdetalj
rustningsfragment
rutornament
ryggknappspänne
ryggknappsspänne
ryggsköld
ryggspån
ryggspån med retusch
ryktkam
rysk hängkors
ryssja
ryttarfigur
ryttarhammare
ryttarrock
råg
råglas
råjärn
råkoppar
råmaterial
råsilver
råtacka
råtegel
råttsvanssked
råämne
räcknagel
räfsa
räfsoka
räknepenning
räknesticka
rätmejsel
rätvinklad skära
rödgods
rödjord
rödjordsklump
rödockra
rökelsekar
römerglas
rör
rörben
rörform
rörformad pärla
rörfragment
rörpärla
rörskaft
rörskaftsgryta
rörspets
rövsticka
sabeltaska
sadel
sadelbeslag
sadelformad
sadelformig
sadelknapp
sadelkvarn
sadelring
sadelstöd
sakramentshus
sakramentsskåp
salutkanon
salvekrus
salvia
salvkruka
salvkrus
sammansatt enkelkam
sammansatt kam
sammanskatt dubbelkam
sammet
sammetskors
sandarnayxa
sandstensbryne
sarkofaglock
sassanid
sax
saxsprint
saxtyp
sceat
schackpjäs
schatull
scramasax
segel
segmenterad pärla
kvadrupelpärla
multisegmenterad pärla
trippelpärla
segmenterade
segmentformad
sejdel
selbågsbeslag
selbågskrön
selbågskrönsbeslag
seldon
seldonsutsmyckning
sele
selknä
selpinne
seltyg
sepulkralsten
serafimerstjärna
serpentinlås
siden
sidenband
sidendamast
sidenfragment
sidenvåd
sidosnörsko
sidostycke
sidostycken
sidskrapa
sidsnörsko
sigill
sigillavtryck
sigillstamp
signatursedel
signetring
sil
silfat
silformat hänge
silformigt hänge
silhänge
silikatslagg
silkärl
sill
silventil
silverband
silverbleckfibula
silverbroscherat brickband
silverelva
silverfiligranhänge
silverfiligranpärla
silverfiligranspänne
silverfolie
silverlan
silvermynt
silverplatta
silverskatt
silverskiva
silverslagg
silversmälta
silverspiral
silvertråd
sinka
sintrad lera
sintrat tegel
sisare
situla
sjöborre
skaft
skaftbeslag
skaftholk
skafthylsa
skafthål
skafthålsborrtapp
skafthålshacka
skafthålsklubba
skafthålsspetshacka
skafthålstapp
skafthålsyxa
skaftkantyxa
skaftkil
skaftknopp
skaftlappsbill
skaftlappsyxa
skaftring
skaftskrapa
skafttånge
skaftämne
skaftändplatta
skal
skalbagge
skalkorn
skarvjärn
skattemärke
skattfynd
skavjärn
sked
skedblad
skedborr
skedfodral
skedjärn
skedkniv
skedskaft
skedskrapa
skedämne
skelett
skena
skida
skifferbryne
skiffermejsel
skifferplattor
skiffersten
skifferstift
skifferstycke
skilling
skilling banco
skinnkniv
skinnpärla
skinnskrapa
skiva
skivavslag med retusch
skivborr
skivformig fibula
skivhuvud
skivhuvudnål
skivkniv
skivmejsel
skivnål
skivpärla
skivring
skivskrapa
skivskrapa med retusch
skivspänne
skivstickel
skivyxa
skjortknapp
skjutlås
skjutlåsnyckel
skjutnyckel
skjutspjäll
skjutspäll
sko
skobeslag
skobotten
skobrodd
skobroddar
skodetalj
skodon
skoläst
skomakarkniv
skoning
skopa
sil
skor
skosnöre
skospänne
skovel
skramasax
skrapa
skrapjärn
skrapverktyg
skrin
skrinbeslag
skringångjärn
skrinhandtag
skrinhantag
skrivpenna
skrivredskap
skrivset
skrivstift
skrivtavla
skrodpuns
skrot
skuldreskål
skulptur
skulpturdetalj
skulpturyxa
skvaltkvarn
skyffel
skål
skål till dopfunt
skålgropssten
skålhuvudnål
skålkakel
skålnål
skålpjärn
skålsnäcka
skåltrumma
skåp
skäggyxa
skäkta
skäktespets
skälkniv
skänkel
skänkelsax
skära
skärding
skärm
skärp
skärredskap
skärslev
skärsyl
skärva
skärvel
skärvig sten
skärvskrapa
skärvsten
sköld
sköldbeslag
sköldbuckla
sköldformat hänge
sköldformig fibula
sköldformigt bältesbeslag
sköldformigt hänge
sköldhandtag
sköldhandtagsbeslag
sköldhantag
sköldkantsbeslag
sköldnit
sköldprydnadsbeslag
sköldribba
sköldtornssölja
sköldtornsölja
skölpjärn
skörbränd sten
skörderedskap
slagen flinta
slagg
slaggad lera
slaggbildning
slaggbit
slaggdroppar
slaggklump
slaggklumpar
slaggmagrat
slaggskålla
slaggstycke
slaggstänk
slagsten
slaktbåge
slana
sleifsko
slejf
slejfsko
slev
slida
slidbeslag
slidkniv
bygelsax
slingornament
slipad sten
slipat kärl
slipredskap
slipskåror
slipsten
slipstensfragment
slungsten
slutstycke
slånbärskärna
släde
slädmede
slägga
slända
sländsticka
sländten
smalmejsel
smedshammare
smidesavfall
smidesavslag
smideshalvfabrikat
smideshammare
smidesjärn
smidesslagg
reduktionsslagg
smidestång
plattång
smidesämne
smitt
smycke
smyckebleck
smyckebrakteat
smycken
smyckeplatta
smyckeskiva
smyckesplatta
smyckespärla
smyckesskiva
smyckesten
smällelås
smält glas
smält lera
smälta
glassmälta
smältdegel
smältdroppar
smältdroppe
smältkula
smältor
smältstycke
smältugnslämning
smörjkanna
smörkniv
smörkärna
snabelbägare
halsbägare
snabelsko
snartemobägare
snartemokärl
snodd
snurra
snurrben
snusdosa
snäcka
snäckskal
snörband
snöre
snörkedja
snörkänga
snörnål
snörnäbb
snörsko
snörskoning
snörsleifsko
snörögla
soccus
sockel
sockelblock
sockelfragment
sockelsten
sockenbudskalk
sockenbudstyg
solbänk
solidi
solidus
solur
solvisaretavla
sond
sondfragment
sorgebrosch
sotraka
spade
spadformat ämnesjärn
spadformigt ämnesjärn
spadskoning
spaltflöjt
spaltvissla
spangenhjälm
spann
spant
spantämne
sparrhorn
spatel
spatha
spegel
spegelglas
spel
spelbricka
spelpjäs
spelbrickor
spelbräde
spelkort
spelkula
spelmark
spelmarker
spelmarkör
spelpipa
spelpjäs
schackpjäs
speltärning
spets
spets med tånge
spets med urnupen bas
spetshacka
spetsig
spetsigt
spetsnackig yxa
spetspuns
spetsredskap
spett
spetthållare
spettvändare
spik
spikar
spikfragment
spikhammare
spikhuvud
spikklubba
spikkrampa
spiklod
spikskaft
spiksmidesverktyg
spikuppdragare
spill
spillkum
spinnrock
spira
spiral
spiralarmband
spiralarmring
spiralbandspärla
spiralbleck
spiralborr
spiraler
spiralfingerring
spiralhuvudnål
spiralnål
spiralpärla
spiralring
spiralrullad
spiralrör
spiralsmycke
spiralspänne
spiraltråd
spiraltrådspärla
spiralvriden armring
spiralvriden bronstråd
spiralvriden ring
spis
spiselkrans
spiselkrok
spiskedja
spiskrok
spislucka
spisraka
spjut
spjutholk
spjutnit
spjutspets
spjutspetsfodral
spjäll
splitshorn
splitter
spole
sporrar
broddar
sporre
isbrodd
sporrhake
sporrsölja
sporrtrissa
spottkopp
springlås
sprint
spröjs
spån
spån med retusch
spån med slipyta
spånavslag
spånavslag med retusch
spånborr
spånfragment
spånkniv
spånkniv med retusch
spånkärna
spånpil
spånpilspets
spånpilspets med tånge
spånredskap
spånskrapa
spånspets med tånge
spånstickel
spåtrummehammare
spännbuckla
spännbuckla, tvåskalig
spänne
spännenit
spännhake
spännpinne
spärrhake
spärrhjul
spärrstift
stamp
stans
stansdyna
stansjärn
stapel
stationsbild
staty
statyett
stav
stavkyrka
stavkärl
stavmalm
stavtärning
stege
stegkista
stekbräda
stekgaffel
stekjärn
steknål
stekpanna
stekspett
stekvändare
sten
stenföremål
stengods
stenhäll
stenklot
stenklubba med skaftränna
stenkol
stenkolspärla
stenkula
stenplatta
trappsten
tröskelsten
stenredskap
stenredskap med skaftränna
stenskiva
stenyxa
sticka
stickel
stickelavslag
stift
stiftspik
stigbygel
stigbygelbeslag
stilett
stjärnsporre
stjärntrissesporre
stock
stockavtryck
stockbåt
stockkista
stol
stola
cingulum
stolpe
stolsben
stolsits
stop
stoppnagel
stoppnål
stormhake
stormjärn
straffstock
strandsnäcka
stridsgissel
stridshacka
stridshammare
stridshandske
stridsklubba
stridskniv
stridskorp
stridsyxa
båtformad stridsyxa
dubbeleggad stridsyxa
striglakors
stroppsko
strutbägare
strykjärnslod
stryklod
strålglans
strålsol
sträckare
stränginstrument
ströning
stuckatur
stuprör
stycke med bearbetning
stycke med retusch
stycke med tillhuggning
stylos
stylus
styråra
stålbett
stång
stångbetsel
stångbett
stångbössa
stångglas
remmare
stånghuvudnål
stångkedja
stångknapp
stångkula
stångnål
stångsköldbuckla
stångvapen
stånka
städ
städavslag med retusch
städkärna
städsten
ställ
stämjärn
stämpel
stämplat tegel
stävlock
stödjärn
blyspröjs
stödknapp
stödskena
stör
störtbägare
stöt
stötkantskärna
stövel
stöveldetalj
sudarium
sula
supkopp
supkopp
svampdosa
svampform
svanformad
svanhalsnål
svanshuvudnål
svartgods
svartkonstbok
svartkonstrulle
svarvad skål
svarvjärn
svarvknopp
svarvkärna
svepask
svepkärl
svepning
svepningsnål
svepningsnålar
svepnål
svicka
svinbete
svinbetesprydnad
svinborst
svinhuvud
svinmållafrön
svintand
svängborr
svärd
svärdfäste
svärdsbeslag
svärdsdoppsko
svärdsegg
svärdsfäste
svärdshjalt
svärdskidebeslag
svärdsklinga
svärdsknapp
svärdsknapp med tånge
svärdslida
svärdslidebeslag
svärdslipningssten
svärdsnit
svärdspärla
svärdsring
svärdsskida
svärdsskidebeslag
svärdsslida
svärdsslidebeslag
svärdsslidesbeslag
svärdstånge
syl
syll
syllspik
sylskaft
synål
såg
sågblad
såll
säckbägare
säckpipa
säd
sädeskorn
säkerhetsnål
säl
sälharpun
sänke
sänken
sänkesten
sänksten
sänkstenar
särkalk
sättmejsel
sättpuns
sölja
sömglättare
sömhål
tacka
tackjärn
tackjärnskula
tagel
tagelhärva
tagg
takfotsbräda
takfotsplanka
taklist
taknock
takpanna
takplåt
takskiffer
takspik
takspån
takstol
takstolsbjälkar
takstolsdel
golvtegel
taktegel
taktäckning
talja
tall
tallrik
tand
tandpetare
tandpärla
tandsnittslist
tandspackel
tapp
tappkran
tapplock
tappskruv
tasklås
tating
tatingerkanna
tatingerkärl
tating-gods
tavelram
tavla
tefat
tegel
tegelpanna
tegelplatta
tegelsten
tekopp
ten
tenar
tenn
tennkanna
tennklump
terrin
tesserae
testblock
testikeldolk
textil
textilfragment
textilkeramik
textilplomb
textilredskap
tidmätare
tidning
timglas
timglaskoger
timglasställning
timmerborr
timmerväggsklining
timmeryxa
tinningring
tinningsring
tistelstångbult
tjocknackig mejsel
tjocknackig tväryxa
tjocknackig yxa
tjuder
tjuderpåle
tjurstatyett
tjärklump
tjärsticka
tjärsvabb
toffel
toffelsko
tofs
tonhammare
toppnit
toppornament
torderad
torderad ten
torn
torne
tornerhjälm
tornformat
tornhuv
tornprydnad
torserad
torshammare
torshammarhänge
torshammarring
torslundaplåtar
torsvigg
trajan
tranlampa
trapetsmikrolit
trappsten
trattbrämbägare
trattbägare
tratthalsbrämbägare
tratthalsskål
trebenagryta
trebensfot
trebensgryta
trebenspanna
trebensskål
trebent
tredjespänne
treflikigt beslag
treflikigt spänne
trefot
trefotagryta
trefotskärl
trekantsfibula
trekantsmikrolit
triangelsko
trilobit
trindhänkel
trindyxa
trippelpärla
triptyk
triskelspänne
trissa
trissporre
triumfkors
triumfkrucifix
tross
trossbotten
trumhammare
trumma
tryckstock
trymå
tråd
trådar
trådarbete
tråddragare
tråddragningsjärn
tråddragningsskiva
trådhärva
trådknippe
trådkrampa
trådkrok
trådlindad
trådlänk
trådnystan
trådprydnad
trådring
trådringar
trådrulle
trådslinga
trådsnodd
trådspiral
trådspridare
trådvinda
trådögla
tråg
träbit
träbitar
trädnål
träfat
träflisa
träfragment
träföremål
trähäst
träkil
träkista
träklubba
träkyrka
tränagel
träns
tränsbeslag
tränsbetsel
tränsbett
tränål
träpigg
träplatta
träpärla
trärester
träsko
träskrin
träskulptur
träsrester
trästav
trästolpe
trästycke
trästycken
trästång
trätavla
trätoffla
trätofs
tröja
tröskel
tröskklubba
tub
tumhandske
reticellakärl
tumläder
tumstock
tumvante
tungformigt hänge
tungformigt spänne
tunika
tunn
tunna
tunnackig yxa
tunnbladig yxa
tunnformigt kärl
tunnhålsplugg
tunntapp
tunnvalvsskelett
tutuli
tutulus
tutulusnål
tving
tvinnhuvud
tvinningsben
tvåhålsflöjt
tvåvedsbåge
tväreggad hacka
tväreggad mejsel
tväreggad pilspets
tväreggad spets
tväreggad yxa
tvärkrok
tvärmejsel
tvärpil
tvärpilsämne
tvärslå
tväryxa
tyg
tygbit
tygelbeslag
tygelprydnader
tygrester
tympanon
tyngd
tåfalang
tågnål
tåjärn
tång
tångepil
tångepilspets
tångespets
tångespånpilspets
tångesvärd
tångesyl
tångfibula
tångspets
tåring
täcke
täckhäll
täcklist
täckskiva
täcksten
täljstengryta
täljstensfragment
täljstensgryta
tänder
tärning
tärningskapitäl
tärningstillverkning
tätning
tätningsbit
tätningsbitar
tätningsring
törnekrona
törnekröningen
ugnsfoder
ugnsfodring
ugnshäll
ugnskakel
ugnsraka
ugnsschakt
ugnstegel
ugnsvägg
ull
ullkam
ullsax
ullsaxform
ullsaxtyp
underhjalt
underliggare
understöd
ungskakel
upphängningsbeslag
upphängningsgaffel
upphängningskedja
upphängningskrok
upphängningsring
uppståndelseägg
urholkad
urna
urnespänne
urnesspänne
uttömningssten
vadmal
vagga
vagn
vagnsdetalj
vagnshjul
vagnshjulsprint
vagnskrok
valben
valkyria
vallbössa
valnöt
valristning
valrosstand
valvbricka
valvribbor
valvribbtegel
valvsten
valvtegel
vante
vapen
vapenkniv
vapenknivslida
vapenkrus
vapensköld
vapensköldar
vapentavla
varpa
varuplomb
vas
vasspipa
vatten
vaxkaka
vaxkula
vaxljus
vaxsigill
vaxstapelhållare
vaxtavla
veckad
wendelring
verkbly
verkstadsavfall
verktyg
verktygskista
verktygsskaft
verktygsspänne
vertyg
vestlandkittel
vestlandskittel
vete
vev
vidja
vidjering
vigselring
vigvattenkolonn
vigvattenskolonn
vigvattenskvast
vigvattenskål
vigvattenssten
viknyckel
vikt
viktlod
viktsats
vildman
vindjärn
vindskida
vindspel
vinflaska
vinge
vinglas
vingtegel
vinkanna
vinkelbeslag
vinkelskära
vinsil
vinsked
vinskopa
virke
virknål
visare
wisbyharnesk
visbymynt
visp
vitbroderi
vitglimmer
wittenpfennig
vivelhuvud
votivskepp
vred
vridbygel
vriden armring
vriden halsring
vridkvarn
vridlock
vridlås
vridlåsnyckel
vridnyckel
vridregel
vulstarmring
vulsthuvudnål
vulstnål
våg
vågarm
vågdosa
våggaffel
vårthuvudnål
vårtnål
våtservett
väggbonad
väggkakel
väggkrok
väggparti
väggplanka
väggplatta
väggputs
väggstift
vägstensmarkör
värja
väska
väskbeslag
väskbygel
väskfragment
väsktillbehör
väst
västlandskittel
väv
vävbricka
vävkam
vävkniv
vävluna
vävnad
vävnål
vävredskap
vävsked
vävspännare
vävstol
vävsvärd
vävt band
vävtyngd
vävvikt
växtfibrer
växtornament
växtrest
völvestav
xylografistock
ylledamast
yllegarn
ylletyg
yllevävnad
yngre rödgods
yngre svartgods
yxa
yxa med skaftränna
yxahålstappar
yxavslag
yxförarbete
yxplanka
yxskaft
yxämne
åderlåtningsinstrument
åderlåtningsjärn
ålljuster
åminnelsetavla
åra
årder
årderbill
årderjärn
årfäste
åttapipig
ädelsten
äldre rödgods
älghorn
älghornshacka
älghornstagg
älghornsyxa
ältsten
ämbar
ämne
ämnesjärn
ämnessten
ändbeslag
ändholk
ändknopp
ändplatta
ändskarapa
ändskiva
ändskrapa
ändstycke
ärta
ässjefodring
ögla
ögonbrynsskydd
ögonfibula
ögonpärla
ölandskruka
ölgås
ölhane
öljett
ölstånka
önskesten
öre
örhänge
örnfibula
örnklo
örring
örslev
örtug
örtugstamp
öskar
östersjökeramik
östlandskittel
östlands-kittel
överarmsben
överfallsbygel
överfångsglas
överliggare
överstycke
övrig flinta
övrig kärna
övrig plattformskärna
övrig retuscherad spets
övrig skiffer
övrig slagen flinta
övrig slagen kvarts
övrig slagen skiffer
övrigt kvarts
övrigt slagen
slipad yxa
brända ben
keramikfragment
slipad bergartsyxa
Fynd
Fynden
Fyndet
Fyndmaterial
kvarts
