Stockholms län
Upplands Väsby
Ed
Hammarby
Fresta
Vallentuna
Vallentuna
Össeby
Österåker
Österåker-Östra Ryd
Ljusterö-Kulla
Värmdö
Värmdö
Djurö, Möja och Nämdö
Gustavsberg-Ingarö
Järfälla
Järfälla
Ekerö
Adelsö-Munsö
Ekerö
Lovö
Färingsö
Huddinge
Huddinge
Trångsund-Skogås
S:t Mikael
Flemingsberg
Botkyrka
Botkyrka
Grödinge
Salem
Salem
Haninge
Österhaninge

Dalarö-Ornö-Utö

Västerhaninge-Muskö

Tyresö

Tyresö

Upplands-Bro

Bro

Kungsängen-Västra Ryd

Nykvarn

Turinge-Taxinge

Täby

Täby

Danderyd

Danderyd

Sollentuna
Sollentuna

Stockholm

Stockholms domkyrkoförs.

S:t Johannes

Adolf Fredrik

Gustav Vasa

S:t Matteus

Engelbrekt

Hedvig Eleonora

Oscar

Maria Magdalena

Högalid

Katarina

Sofia

Kungsholm

S:t Göran

Brännkyrka

Vantör

Farsta

Bromma

Essinge

Västerled

Vällingby

Enskede-Årsta

Skarpnäck

Hässelby

Hägersten

Skärholmen

Spånga-Kista

Hovförsamlingen

Tyska S:ta Gertrud

Finska

Södertälje

Södertälje

Östertälje

Enhörna

Vårdinge

Överjärna

Ytterjärna

Hölö-Mörkö

Nacka

Nacka

Saltsjöbaden

Boo

Sundbyberg

Sundbyberg

Solna

Solna

Lidingö

Lidingö

Vaxholm

Vaxholm

Norrtälje

Norrtälje-Malsta

Björkö-Arholma

Väddö

Häverö-Edebo-Singö

Edsbro-Ununge

Fasterna

Rimbo

Husby, Skederid och Rö

Gottröra
Närtuna

Lohärad

Estuna och Söderby-Karl

Roslagsbro-Vätö

Rådmansö

Frötuna

Blidö

Länna

Riala

Sigtuna

Sigtuna

Husby-Ärlinghundra

Norrsunda

Skepptuna

Valsta

Nynäshamn

Nynäshamn

Sorunda

Ösmo-Torö

Uppsala län

Håbo

Kalmar-Yttergran

Övergran

Häggeby

Skokloster

Älvkarleby

Älvkarleby-Skutskär

Knivsta

Knivsta

Östuna

Husby-Långhundra

Lagga

Alsike

Vassunda

Heby

Västerlövsta

Huddunge

Enåker

Vittinge

Nora

Östervåla

Harbo

Tierp

Tolfta

Vendel

Tegelsmora

Tierp-Söderfors

Västland

Hållnäs-Österlövsta

Uppsala

Uppsala domkyrkoförs.

Helga Trefaldighet

Gamla Uppsala

Vaksala

Danmark-Funbo

Hagby

Ramsta

Balingsta

Västeråker

Dalby

Uppsala-Näs

Norra Hagunda
Bälingebygden

Skuttunge

Tensta

Lena

Ärentuna

Björklinge

Viksta

Knutby-Bladåker

Faringe

Almunge

Gottsunda

Stavby

Tuna

Rasbo

Rasbokil

Enköping

Enköping

Tillinge och Södra Åsunda

Sparrsätra-Bred

Boglösa

Veckholm

Villberga

Lagunda

Fjärdhundra

Östhammar

Frösåker

Hökhuvud

Öregrund-Gräsö

Alunda

Ekeby

Skäfthammar

Dannemorabygden

Södermanlands län

Vingåker

Västra Vingåker

Österåker

Gnesta

Frustuna

Daga

Nyköping

Nyköpings S:t Nicolai

Nyköpings Alla Helgona

Tunaberg

Kiladalen

Stigtomta-Vrena

Rönö

Tystbergabygden

Oxelösund

Oxelösund

Flen

Flen, Helgesta-Hyltinge

Dunker-Lilla Malma

Mellösa

Bettna

Katrineholm

Katrineholmsbygden

Björkvik

Eskilstuna

Eskilstuna

Torshälla

Hällby förs. med Tumbo och Råby-Rekarne

Västra Rekarne
Näshulta

Husby-Rekarne

Stenkvista-Ärla

Kafjärden

Strängnäs

Strängnäs domkyrkoförs. med Aspö

Mariefred

Åker-Länna

Stallarholmen

Vårfruberga-Härad

Trosa

Trosa

Östergötlands län

Ödeshög

Ödeshög

Ydre

Norra Ydre

Sund-Svinhult

Västra Ryd

Kinda

Tidersrum

Kisa

Västra Eneby

Horn

Hycklinge

Rimforsa

Boxholm

Boxholm

Åtvidaberg

Åtvid

Finspång

Finspång

Valdemarsvik

Valdemarsvik

Ringarum

Linköping

Linköpings domkyrkoförs.

Linköpings S:t Lars

Landeryd

Slaka

Kärna

Kaga

Ledberg

Vist

Vårdnäs

Skeda

Nykil-Gammalkil

Ulrika

Vikingstad

Vreta kloster

Åkerbo

Linköpings Berga

Linköpings Johannelund

Linköpings Skäggetorp

Linköpings Ryd

Gottfridsberg

Norrköping

Norrköpings S:t Olof

Kolmården

Norrköpings Borg

Norrköpings S:t Johannes

Västra Vikbolandet
Östra Husby

Jonsberg

Söderköping

Söderköping S:t Anna

Östra Ryd

Motala

Motala

Västra Ny

Godegård

Borensberg

Klockrike

Fornåsa

Tjällmo

Aska, del

Vadstena

Vadstena

Dal

Aska, del

Mjölby

Mjölby

Skänninge

Väderstad

Västra Harg

Östra Tollstad

Viby

Veta

Jönköpings län

Aneby

Aneby

Askeryd

Frinnaryd

Lommaryd

Haurida-Vireda

Gnosjö

Källeryd

Åsenhöga

Kävsjö

Kulltorp, del

Gnosjö

Mullsjö

Mullsjö-Sandhem

Habo

Habo

Gustav Adolf

Brandstorp

Gislaved

Gislaved

Våthult

Bosebo

Anderstorp

Norra Hestra

Villstad

Burseryd

Gryteryd

Södra Hestra

Ås

Kållerstad

Reftele

Vaggeryd

Byarum-Bondstorp

Tofteryd

Hagshult
Åker

Svenarum

Jönköping

Jönköpings Sofia-Järstorp

Jönköpings Kristina-Ljungarum

Huskvarna

Hakarp

Gränna

Norrahammar

Visingsö

Skärstad-Ölmstad

Lekeryd

Rogberga-Öggestorp

Barnarp

Ödestugu

Månsarp

Bankeryd

Norra Mo

Nässjö

Nässjö

Norra Sandsjö

Bringetofta

Norra Solberga-Flisby

Barkeryd-Forserum

Malmbäck

Almesåkra

Värnamo

Värnamo

Bredaryd

Kulltorp, del

Forshedabygden

Tånnö

Voxtorp

Gällaryd

Rydaholm

Nydala-Fryele

Sävsjö

Sävsjö

Vrigstad-Hylletofta

Hjälmseryd

Stockaryd

Hultsjö

Vetlanda

Vetlanda

Bäckseda

Näsby

Korsberga

Nye, Näshult och Stenberga

Alseda

Björkö

Nävelsjö

Lannaskede

Eksjö

Eksjö

Hässleby-Kråkshult

Ingatorp-Bellö

Hult

Edshult

Mellby

Höreda

Tranås

Säby
Adelöv

Linderås

Kronobergs län

Uppvidinge

Åseda

Lenhovda-Herråkra

Nottebäck

Älghult

Lessebo

Lessebo

Hovmantorp

Ekeberga

Ljuder

Tingsryd

Tingsås

Almundsryd

Älmeboda

Linneryd

Södra Sandsjö

Väckelsång

Urshult

Alvesta

Alvesta

Moheda

Slätthög

Mistelås

Blädinge

Vislanda

Skatelöv

Västra Torsås

Älmhult

Älmhult

Härlunda

Virestad

Stenbrohult

Göteryd

Pjätteryd

Hallaryd

Markaryd

Markaryd

Hinneryd

Traryd

Växjö

Växjö domkyrkoförs.

Furuby

Sjösås

Dädesjö

Hemmesjö med Tegnaby

Östra Torsås

Nöbbele

Uråsa

Jät

Kalvsvik

Tävelsås

Vederslöv-Dänningelanda

Öja

Bergunda

Öjaby

Gårdsby

Söraby, Tolg och Tjureda

Aneboda-Asa-Berg

Ör-Ormesberga
Skogslyckan

Växjö Maria

Teleborg

Ljungby

Ljungby

Agunnaryd

Ryssby

Tutaryd

Södra Ljunga

Berga

Dörarp

Vittaryd

Angelstad

Annerstad

Torpa

Vrå

Lidhult

Odensjö

Bolmsö

Tannåker

Ljungby Maria

Kalmar län

Högsby

Fågelfors

Högsby

Långemåla

Fagerhult

Torsås

Gullabo

Torsås

Söderåkra

Mörbylånga

Resmo-Vickleby

Mörbylånga-Kastlösa

Hulterstad-Stenåsa

Sydöland

Glömminge

Algutsrum

Torslunda

Norra Möckleby, Sandby och Gårdby

Hultsfred

Hultsfred

Lönneberga

Målilla med Gårdveda

Järeda

Virserum

Vena

Mörlunda-Tveta

Mönsterås

Mönsterås

Fliseryd

Ålem

Emmaboda

Emmaboda

Vissefjärda

Algutsboda

Långasjö

Kalmar

Kalmar domkyrkoförs.

Förlösa-Kläckeberga

Dörby

Hossmo
Ryssby

Åby

Ljungby

Arby-Hagby

Halltorp-Voxtorp

Karlslunda-Mortorp

Kalmar S:t Johannes

Heliga Korset

S:ta Birgitta

Två systrar

Nybro

Nybro-S:t Sigfrid

Kråksmåla

Bäckebo

Kristvalla

Madesjö

Örsjö

Oskar

Hälleberga

Oskarshamn

Oskarshamn

Misterhult

Döderhult

Västervik

Västervik

Törnsfall

Gladhammar-Västrum

Ukna

Dalhem

Överum

Västra Ed

Loftahammar

Lofta

Gamleby

Odensvi

Hallingeberg-Blackstad

Hjorted

Vimmerby

Vimmerby

Rumskulla

Pelarne

Frödinge

Locknevi

Södra Vi-Djursdala

Tuna

Borgholm

Borgholm

Föra-Alböke-Löt

Köpingsvik

Räpplinge-Högsrum

Gärdslösa, Långlöt och Runsten

Nordöland

Gotlands län

Gotland

Visby domkyrkoförs.

Othem-Boge

Fårö

Bunge, Rute och Fleringe

Forsa

Stenkyrka

Väskinde

Gothem
Dalhem

Barlingbo

Endre

Hejdeby

Follingbo

Akebäck

Roma

Björke

Vänge

Östergarn

Stenkumla

Vall, Hogrän och Atlingbo

Eskelhem-Tofta

Sanda, Västergarn och Mästerby

Väte

Hejde

Klinte

Fröjel

Eksta

Sproge

Garde

När-Lau

Stånga-Burs

Lojsta

Linde

Alva, Hemse och Rone

Fardhem

Gerum

Levide

Havdhem

Hoburg

Blekinge län

Olofström

Jämshög

Kyrkhult

Karlskrona

Karlskrona stadsförs.

Karlskrona amiralitetsförs.

Aspö

Lyckå

Kristianopel

Jämjö

Torhamn

Sturkö

Ramdala

Rödeby

Fridlevstad

Nättraby-Hasslö

Ronneby

Ronneby

Bräkne-Hoby

Karlshamn

Karlshamn

Ringamåla

Hällaryd

Åryd

Asarum

Mörrum-Elleholm

Sölvesborg

Sölvesborg

Gammalstorp-Ysane

Mjällby
Skåne län

Svalöv

Svalövsbygden

Kågeröd-Röstånga

Billeberga-Sireköpinge

Teckomatorp

Staffanstorp

Uppåkra

S:t Staffan

Burlöv

Burlöv

Vellinge

Vellinge-Månstorp

Skanör-Falsterbo

Höllviken

Östra Göinge

Knislinge-Gryt

Kviinge

Hjärsås

Emmislöv

Östra Broby

Glimåkra

Örkelljunga

Örkelljunga

Rya

Skånes-Fagerhult

Bjuv

Bjuv

Ekeby

Kävlinge

Kävlinge

Dagstorp

Västra Karaby

Lackalänga-Stävie

Hofterup

Löddebygden

Lomma

Lomma

Bjärred

Svedala

Svedala

Värby

Skurup

Skurup

Skivarp

Villie

Sjöbo

Sjöbo

Blentarp

Lövestad

Vollsjö

Hörby

Hörby

Västerstad

Höör

Höör

Ringsjö, del

Tomelilla

Tomelillabygden

Smedstorp

Brösarp-Tranås

Bromölla
Ivetofta-Gualöv

Näsum

Osby

Osby-Visseltofta

Örkened

Loshult

Perstorp

Perstorp

Klippan

Klippan

Riseberga-Färingtofta

Östra Ljungby

Åstorp

Björnekulla-Västra Broby

Kvidinge

Båstad

Båstad-Östra Karup

Förslöv-Grevie

Västra Karup-Hov

Torekov

Malmö

Malmö S:t Petri

Slottsstaden

Kirseberg

Malmö S:t Pauli

Malmö S:t Johannes

Möllevången-Sofielund

Limhamn

Fosie

Västra Skrävlinge

Husie och Södra Sallerup

Oxie

Hyllie

Eriksfält

Kulladal

Bunkeflo

Tygelsjö-Västra Klagstorp

Lund

Lunds domkyrkoförs.

S:t Peters kloster

Lunds Allhelgonaförs.

Norra Nöbbelöv

Södra Sandby

Dalby

Genarp

Veberöd

Helgeand

Lunds östra stadsförs.

Torn

Landskrona

Landskrona, del

Häljarp

Kvistofta, del

Helsingborg

Helsingborgs Maria

Helsingborgs Gustav Adolf

Raus

Välinge-Kattarp

Allerum

Fleninge

Kropp

Landskrona, del
Kvistofta, del

Filborna

Höganäs

Höganäs

Väsby

Viken

Brunnby

Farhult-Jonstorp

Eslöv

Eslöv

Östra Onsjö

Ringsjö, del

Reslöv-Östra Karaby

Löberöd

Ystad

Ystad

Ljunits

Stora Köpinge

Sövestadsbygden

Löderup

Trelleborg

Trelleborg

Hammarlöv

Dalköpinge

Källstorp

Anderslöv

Kristianstad

Kristianstads Heliga Trefaldighet

Norra Åsum

Äsphult

Träne-Djurröd

Vä-Skepparslöv

Köpinge

Nosaby

Araslöv

Åhus

Bäckaskog

Fjälkinge-Nymö

Gustav Adolf-Rinkaby

Degeberga

Västra och Östra Vram

Linderöd

Vånga

Oppmanna

Everödsbygden

Simrishamn

Simrishamn

Borrby-Östra Hoby

Stiby

Hammenhög

S:t Olof

Rörum

Kivik

Ängelholm

Ängelholm

Munka Ljungby

Strövelstorp

Barkåkra

Hjärnarp-Tåstarp

Hässleholm

Hässleholm

Stoby
Vinslöv

Hästveda

Farstorp

Verum

Vittsjö

Norra Åkarp

Vankiva

Sösdala

Tyringe

Röke

Västra Torup

Hallands län

Hylte

Torup

Kinnared

Drängsered

Långaryd

Färgaryd

Femsjö

Unnaryd

Halmstad

S:t Nikolai

Martin Luther

Snöstorp

Oskarström

Söndrum-Vapnö

Harplinge

Steninge

Getinge-Rävinge

Slättåkra-Kvibille

Enslöv

Laholm

Laholm

Hasslöv-Våxtorp

Skummeslöv

Hishult

Ränneslöv-Ysby

Knäred

Veinge-Tjärby

Falkenberg

Falkenberg

Skrea

Susedalen

Stafsinge

Morup

Vinberg-Ljungby

Vessige

Okome

Gällared

Krogsered

Gunnarp

Fagered

Källsjö

Ullared

Älvsered

Varberg

Varberg

Träslöv

Himledalen

Sibbarp-Dagsås

Tvååker

Spannarp
Lindberga

Veddige-Kungsäter

Värö

Stråvalla

Kungsbacka

Kungsbacka-Hanhals

Tölö

Älvsåker

Vallda

Släp

Frillesås

Landa

Ölmevalla

Gällinge

Idala

Fjärås-Förlanda

Onsala

Västra Götalands län

Härryda

Härryda

Landvetter

Råda

Björketorp

Partille

Partille

Sävedalen

Öckerö

Öckerö

Stenungsund

Norum

Ödsmål

Spekeröd-Ucklum

Jörlanda

Tjörn

Valla

Stenkyrka

Rönnäng

Klövedal

Orust

Tegneby

Röra

Stala

Långelanda

Myckleby

Torp

Morlanda

Sotenäs

Södra Sotenäs

Hunnebostrand

Tossene

Munkedal

Foss

Svarteborg-Bärfendal

Sörbygden

Tanum

Tanum

Lur

Naverstad-Mo

Kville

Fjällbacka

Bottna

Svenneby
Dals-Ed

Dals-Ed

Färgelanda

Färgelanda

Järbo-Råggärd

Rännelanda-Lerdal

Högsäter

Ale

Nödinge

Skepplanda-Hålanda

Starrkärr-Kilanda

Lerum

Lerum

Skallsjö

Stora Lundby

Östad

Vårgårda

Lena

Hol

Nårunga

Asklanda

Algutstorp

Bollebygd

Töllsjö

Bollebygd

Grästorp

Särestad

Flo

Tengene

Trökörna

Fridhem, del

Essunga

Fridhem, del

Främmestad-Bäreberg

Essunga

Lekåsa-Barne Åsaka

Karlsborg

Karlsborg

Brevik

Mölltorp

Undenäs

Gullspång

Amnehärad

Hova-Älgarås, del

Tranemo

Tranemo

Ambjörnarp

Sjötofta

Mossebo

Södra Åsarp

Länghem

Månstad

Dalstorp

Bengtsfors

Ärtemark

Laxarby-Vårvik

Torrskog

Steneby-Tisselskog

Bäcke-Ödskölt

Mellerud

Holm

Bolstad
Ör

Skållerud

Lilla Edet

Fuxerna-Åsbräcka

Lödöse

Västerlanda

Hjärtum

Mark

Kinna

Örby-Skene

Sätila

Hyssna

Fritsla-Skephult

Västra Mark

Öxnevalla

Horred

Istorp

Älekulla

Torestorp

Öxabäck

Svenljunga

Svenljungabygden

Holsljunga

Mjöbäck

Kindaholm

Sexdrega, del

Herrljunga

Herrljunga landsbygdsförs.

Herrljunga

Hudene

Östra Gäsene

Hov

Vara

Vara

Levene

Ryda

Vedum

Larv

Kvänum

Götene

Kleva-Sil

Götene

Ledsjö

Källby

Husaby

Kinnekulle

Tibro

Tibro

Ransberg

Töreboda

Töreboda

Fredsberg-Bäck

Fägre

Hova-Älgarås, del

Göteborg

Domkyrkoförs. i Göteborg

Nylöse

Kortedala

Härlanda

Göteborgs Vasa

Göteborgs Johanneberg

Göteborgs Annedal
Göteborgs Haga

Göteborgs Oscar Fredrik

Göteborgs Masthugg

Göteborgs Carl Johan

Örgryte

Lundby

Backa

Högsbo

Västra Frölunda

Älvsborg

Tynnered

Tyska Christinae

Angered

Bergum

Torslanda-Björlanda

Tuve-Säve

Bergsjön

Göteborgs S:t Pauli

Gunnared

Askim

Styrsö

Björkekärr

Näset

Mölndal

Fässberg

Kållered

Lindome

Stensjön

Kungälv

Kungälv

Marstrand

Harestad

Torsby

Lycke

Ytterby

Romelanda

Kareby

Hålta

Solberga

Lysekil

Lysekil

Lyse

Skaftö

Bro

Brastad

Uddevalla

Uddevalla

Ljungskile

Bokenäset

Herrestad

Lane-Ryr

Bäve

Strömstad

Strömstad

Skee-Tjärnö

Idefjorden

Vänersborg

Vänersborg och Väne-Ryr

Gestad

Brålanda

Sundals-Ryr

Frändefors
Vänersnäs

Västra Tunhem

Trollhättan

Trollhättan

Åsaka-Björke

Gärdhem

Upphärad

Fors-Rommele

Bjärke, del

Lextorp

Götalunden

Alingsås

Alingsås

Bjärke, del

Hemsjö

Ödenäs

Borås

Borås Caroli

Borås Gustav Adolf

Brämhult

Rångedala

Äspered

Toarp

Dannike

Sexdrega, del

Fristad

Bredared

Sandhult

Seglora

Kinnarumma

Ulricehamn

Ulricehamn

Hällstad

Södra Ving

Åsunden

Hössna

Redväg

Timmele

Åmål

Åmål

Mariestad

Mariestad

Ullervad

Lugnås

Lyrestad

Lidköping

Lidköping

Järpås

Kållands-Råda

Sunnersberg

Sävare

Örslösa

Skara

Skara domkyrkoförs.

Eggby-Öglunda

Varnhem

Axvall

Ardala

Skövde

Skövde

Våmb

Ryd
Skultorp

Sventorp-Forsby

Värsås- Varola- Vreten

Väring

Frösve

Berg

Götlunda

Hjo

Hjo

Mofalla

Fågelås

Korsberga-Fridene

Tidaholm

Tidaholm

Hökensås

Fröjered

Valstad

Varv

Falköping

Falköping

Mösseberg

Floby

Kinneved

Åslebygden

Slöta-Karleby

Yllestad

Dala-Borgunda-Högstena

Stenstorp

Gudhem

Hornborga

Åsarp

Värmlands län

Kil

Stora Kil

Frykerud

Boda

Eda

Eda

Järnskog-Skillingmark

Köla

Torsby

Fryksände

Lekvattnet

Vitsand

Östmark

Övre Älvdal

Storfors

Storfors

Hammarö

Hammarö

Munkfors

Forshaga-Munkfors, del

Forshaga

Forshaga-Munkfors, del

Grums

Grums

Ed-Borgvik

Värmskog

Årjäng

Silbodal

Sillerud

Holmedal-Karlanda
Blomskog

Trankil

Västra Fågelvik

Töcksmark

Östervallskog

Sunne

Sunne

Västra Ämtervik

Östra Ämtervik

Gräsmark

Lysvik

Karlstad

Karlstads domkyrkoförs.

Norrstrand

Väse-Fågelvik

Alster-Nyedsbygden

Grava

Nor-Segerstad

Västerstrand

Kristinehamn

Kristinehamn

Rudskoga

Visnums-Kil

Visnum

Ölme

Filipstad

Filipstad

Hagfors

Hagfors-Gustav Adolf

Ekshärad

Norra Råda-Sunnemo

Arvika

Arvika Östra

Arvika Västra

Stavnäs-Högerud

Glava

Gunnarskog

Ny

Älgå

Mangskog

Brunskog

Säffle

Säffle

Tveta

Bro

Södra Värmlandsnäs

Ny-Huggenäs

Gillberga

Kila

Svanskog

Långserud

Örebro län

Lekeberg

Knista

Edsberg

Laxå

Ramundeboda

Finnerödja-Tived

Skagershult

Hallsberg

Hallsberg

Viby
Sköllersta

Degerfors

Degerfors-Nysund

Hällefors

Hällefors-Hjulsjö

Grythyttan

Ljusnarsberg

Ljusnarsberg

Örebro

Örebro Nikolai

Örebro Olaus Petri

Längbro

Almby

Mosjö-Täby

Tysslinge

Axberg

Lännäs

Asker

Stora Mellösa

Gällersta-Norrbyås

Glanshammar

Mikael

Adolfsberg

Kumla

Kumla

Hardemo

Ekeby

Askersund

Askersund

Lerbäck

Snavlunda

Hammar

Karlskoga

Karlskoga

Nora

Nora bergslagsförs.

Lindesberg

Linde bergslag

Guldsmedshyttan

Näsby

Fellingsbro

Västmanlands län

Skinnskatteberg

Skinnskatteberg med Hed och Gunnilbo

Surahammar

Sura

Ramnäs

Kungsör

Kungsör

Hallstahammar

Hallstahammar-Berg

Kolbäck-Säby

Norberg

Norberg-Karbenning

Västerås

Västerås domkyrkoförs.

Västerås Lundby

Västerås Badelunda

Norrbo

Dingtuna-Lillhärad

Västerås-Barkarö

Kungsåra
Tillberga

Rytterne

Skerike-Gideonsberg

Önsta

Sala

Sala

Västerfärnebo-Fläckebo

Norrby

Tärna

Kumla

Kila

Möklinta

Fagersta

Västanfors-Västervåla

Köping

Köpingsbygden

Malma

Arboga

Arbogabygden

Dalarnas län

Vansbro

Järna med Nås och Äppelbo

Malung-Sälen

Malung

Lima-Transtrand

Gagnef

Mockfjärd

Gagnef

Floda

Leksand

Leksand

Djura

Ål

Siljansnäs

Rättvik

Rättvik

Boda

Ore

Orsa

Orsa

Älvdalen

Älvdalen

Idre-Särna

Smedjebacken

Norrbärke

Söderbärke

Mora

Mora

Falun

Falu Kristine

Grycksbo

Stora Kopparberg

Aspeboda

Vika-Hosjö

Sundborn

Svärdsjö

Enviken

Bjursås

Borlänge

Stora Tuna

Torsång

Säter
Säterbygden

Hedemora

Hedemora-Garpenberg

Husby

Avesta

Avesta

By

Folkärna

Grytnäs

Ludvika

Ludvika

Gränge-Säfsnäs

Gävleborgs län

Ockelbo

Ockelbo

Hofors

Hofors

Torsåker

Ovanåker

Alfta-Ovanåker

Nordanstig

Ilsbo

Harmånger-Jättendal

Gnarp

Bergsjö

Hassela

Ljusdal

Ljusdal-Ramsjö

Los-Hamra

Färila-Kårböle

Järvsö

Gävle

Gävle Heliga Trefaldighet

Gävle Staffan

Hamrånge

Hedesunda

Hille

Valbo

Gävle Maria

Bomhus

Sandviken

Sandviken

Ovansjö

Järbo

Årsunda-Österfärnebo

Söderhamn

Söderhamn

Sandarne

Skog

Ljusne

Söderala

Mo-Bergvik

Norrala-Trönö

Bollnäs

Bollnäs

Rengsjö

Hanebo-Segersta

Arbrå-Undersvik

Hudiksvall

Hudiksvall-Idenor

Hälsingtuna-Rogsta

Enånger-Njutånger
Delsbo

Bjuråker-Norrbo

Forsa-Hög

Västernorrlands län

Ånge

Borgsjö-Haverö

Torp

Timrå

Timrå

Ljustorp

Hässjö

Tynderö

Härnösand

Härnösands domkyrkoförs.

Högsjö

Häggdånger

Stigsjö

Viksjö

Säbrå

Hemsö

Sundsvall

Sundsvalls Gustav Adolf

Skönsmon

Skön

Alnö

Sättna

Selånger

Stöde

Tuna

Attmar

Njurunda

Indal

Holm

Liden

Kramfors

Gudmundrå

Nora-Skog

Nordingrå

Vibyggerå

Ullånger

Bjärtrå

Styrnäs

Dal

Torsåker

Ytterlännäs

Sollefteå

Sollefteå

Multrå-Sånga

Graninge

Långsele

Ed

Resele

Helgum

Ådals-Liden

Junsele

Boteå

Överlännäs

Ramsele-Edsele

Örnsköldsvik

Örnsköldsvik

Arnäs

Anundsjö
Skorped

Sidensjö

Nätra

Själevad

Mo

Grundsunda

Gideå

Björna

Trehörningsjö

Jämtlands län

Ragunda

Ragunda

Fors

Borgvattnet

Stugun

Bräcke

Bräcke-Nyhem

Hällesjö-Håsjö

Revsund, Sundsjö, Bodsjö

Krokom

Rödön

Näskott

Aspås

Ås

Föllingebygden

Offerdal

Alsen

Strömsund

Ström-Alanäs

Gåxsjö

Hammerdal

Frostviken

Fjällsjö

Bodum

Tåsjö

Åre

Åre

Västra Storsjöbygden

Kall

Undersåker

Berg

Berg

Hackås

Oviken-Myssjö

Hedebygden, del

Åsarne

Rätan-Klövsjö

Härjedalen

Svegsbygden

Hedebygden, del

Tännäs-Ljusnedal

Ytterhogdal, Överhogdal och Ängersjö

Östersund

Östersund

Frösö

Sunne

Näs

Lockne

Marieby

Brunflo

Häggenås-Lit-Kyrkås

Norderö
Västerbottens län

Nordmaling

Nordmaling

Bjurholm

Bjurholm

Vindeln

Vindeln

Robertsfors

Bygdeå

Norsjö

Norsjö

Malå

Malå

Storuman

Stensele

Tärna

Sorsele

Sorsele

Dorotea

Dorotea-Risbäck

Vännäs

Vännäs

Vilhelmina

Vilhelmina

Åsele

Åsele-Fredrika

Umeå

Umeå stadsförs.

Umeå landsförs.

Tavelsjö

Teg

Ålidhem

Holmsund

Hörnefors

Sävar-Holmön

Umeå Maria

Lycksele

Lycksele

Skellefteå

Skellefteå S:t Olov

Skellefteå S:t Örjan

Bureå

Skellefteå landsförs.

Jörn-Boliden

Kågedalen

Byske-Fällfors

Lövånger

Burträsk

Norrbottens län

Arvidsjaur

Arvidsjaur

Arjeplog

Arjeplog

Jokkmokk

Jokkmokk

Överkalix

Överkalix

Kalix

Nederkalix

Töre

Övertorneå

Övertorneå
Pajala

Pajala

Gällivare

Gällivare

Malmberget

Älvsbyn

Älvsby

Luleå

Luleå domkyrkoförs.

Nederluleå

Råneå

Piteå

Hortlax

Piteå

Norrfjärden

Boden

Överluleå

Gunnarsbyn

Edefors

Sävast

Haparanda

Haparanda

Kiruna

Jukkasjärvi

Vittangi

Karesuando

