Förhistorisk tid
Förhistorisk
STENÅLDER
Äldre stenålder
mesolitikum
äldre mesolitikum
mellanmesolitikum
yngre mesolitikum
Yngre stenålder
Neolitikum
tidigneolitikum
mellanneolitikum
senneolitikum
BRONSÅLDER
Äldre bronsålder
bronsålder period I
period I
bronsålder period II
period II
bronsålder period III
period III
Yngre bronsålder
bronsålder period IV
period IV
bronsålder period V
period V
bronsålder period VI
period VI

JÄRNÅLDER
Äldre järnålder
förromersk järnålder
förromersk tid
äldre förromersk
yngre förromersk
romersk järnålder
äldre romersk
yngre romersk
Yngre järnålder
folkvandringstid
vendeltid
vikingatid
förromersk
romersk
vendel
vikinga

Historisk tid
Historisk
MEDELTID
Tidig medeltid
Högmedeltid
Senmedeltid

MODERN TID
NYARE TID
Tidigmodern tid
tidigmodern
1500-tal
1600-tal
1700-tal
Senmodern tid
Senmodern
1800-tal
1900-tal 
2000-tal
Modern
Mesolitiska
Mesolitisk
neolitisk
neolitiska
senneolitiska
tidigneolitiska
senmesolitisk
senmesolitiska
tidigmesolitisk
tidigmesolitiska
Kristi födelse
