tussenmuur
oeverbeschoeiing
verbindingsrib
huis
vliering
boot
ambachtshuis
andreaskruis
windschoor
sacristie
dekenkist
bruggenhoofd
kano
waterscooter
kotter
platbodem
dek
pijler
bekisting
zijbeuk
gordingenkap
verdieping
triptiek
dakbalk
gebintbalk
vloerbalk
grafveld
vlakgang
kombuis
visben
ziekenhuis
spieker
staande klok
gording
kerktoren
vesting
verschansing
klokkenstoel
kanaalschip
aak
korenmolen
schijfwiel
overloopdek
tuig
verdedigingsmuur
vlakplank
theekoepel
kamer
abdijkerk
venster
afvalkuil
altaarstuk
vlechtwerk
kist
viool
boerderij
spantbeen
blokbouw
barak
beeldhouwwerk
altaar
balustrade
makelaar
dakbeschot
dolboord
blokkeel
labrisering
wandbeschoeiing
bekleding
brug
gebouw
kanaal
castellum
begraafplaats
binnenboord
bolwerk
bark
boomstronk
dijk
dekplank
kasteel
boomstam
boomstamkano
donjon
deur
roeibank
latei
boeg
achtersteven
deurstijl
fundering
dam
galg
katrol
achterschip
legger
drempel
bovendek
duig
boegbeeld
bijgebouw
buitenplaats
balkkop
kapel
funderingspaal
console
doodkist
dubbeling
duiker
kerkhof
dekbalk
doos
horreum
spoor
gewelf
transept
kabinet
graf
koor
dak
icoon
leuning
juk
museum
huidplank
gang
hangwerk
kaapstander
kom
hangstijlstifl van een staande dakstoel
ladder
motte
kim
nok
kielbalk
legerplaats
kogge
kimstuk
kimweger
pilaster
windas
kiel
lade
nederzetting
krommer
koorstoel
kuil
ton
klooster
muziekinstrument
landgoed
koopvaardijschip
orgel
omwalling
scheepshelling
poort
wand
paleis
kastmeubilair
preekstoel
roeispaan
synagoge
heiligdom
heipaal
doksaal
moerbalk
stal
dijkbeslag
palissade
poppenhuis
peddel
klok
hanenbalk
roer
plafond
schop
scheepsruim
scheepswerf
romeinse villa (rustica)
retabel
sporenkap
reliëf
stad
stuurinrichting
refectorium
verkorte spoor die tot aan de hoekkeper loopt
paneel
stookplaats
tafelpoot
punter
abdij
nokstijl
mastblok
philibertspant
tafel
pastorie
vrachtschip
schoolgebouw
schilderij
scheepsromp
standvink
steunbeer
stellingmolen
schoor
stoel
kerkruimte
standzoon
weeshuis
stuurwiel
hooiberg
stadhuis
traptrede
platform
aanmelden
toren
terp
schilddak
hoekkeper
stadsmuur
toren
wapen
waterweg
provisiekamer
strijkbalk
zaathout
wrikriem
kade
nokgording
torenspits
waterburcht
schoepenrad
schede
kreupele stijl
stormram
schans
waterleiding
altviool
muurplaat
opgraving
waterput
wortelstelsel
bak
werf
schoep
tempel
paalschoen
gang
standerdmolen
ridderhofstad
kruisschoor
plank
poortgebouw
weg
wierde
greppel
entreehal
spantbalk
loopgraaf
affuit
stijl
pronkkamer
windmolen
zijvleugel
meelfabriek
steven
kapconstructie
inzetstuk
dwarsbalk
wagenschot
stevenbalk
handlijst
wig
vakwerk
paal
landingsplaats
ankerbalk
mast
sluis
roef
waaggebouw
watermolen
stuurriem
gangboord
visweer
kielplank
dekbalk
raveelbalk
balk
beerput
cello
bed
onderdeur
trapspil
onderslagbalk
voorburcht
hekbalk
vloerbalk
spuisluis
gitaar
treeplank
plaat
kerk
oplanger
staander
bas
kroonlijst
schip
knie
schaal
houtskelebouw
speelgoed
scheidingswand
staander
mastbank
zandstrook
schuur
schild
zitter
insteker
wiel
oorlogsschip
latrine
schoor
spant
versterking
trap
vlak
bolder
wandstijl
draagbalk
voertuig
vensterstijl
badding
lijst
meubel
stevenplaat
galgenveld
vloer
refugehuis
deurkozijn
spriet
zeilbalk
wegeringplank
buikdenning
wachtpost
steiger
ra
kelder
dakruiter
spiltrap
achterhuis
korteling
luit
lijstwerk
voorgevel
wrang
mastspoor
graanschuur
